[Map]
author=Clay Richmond
image=SpaceBattle.bmp
wrap=no
scroll=vertical
warn=no

[Continents]
Ywing Highnoon=4
Stealthchip 11oclock=4
Ywing 10oclock=4
Stealthchip 9oclock=4
Ywing 8oclock=4
Stealthchip 7oclock=4
Ywing 6oclock=4
Stealthchip 5oclock=4
Ywing 4oclock=4
Stealthchip 3oclock=4
Ywing 2oclock=4
Stealthchip 1oclock=4
Battleship2oclock=7
Battleship10oclock=7
Battleship6oclock=7

[Territories]
Ywing HighnoonRightWing,355,92,Ywing Highnoon,Ywing HighnoonRightEngine,Ywing HighnoonRightLaser,Stealthchip 11oclockLeftWing
Ywing HighnoonRightEngine,396,68,Ywing Highnoon,Ywing HighnoonRightWing,Ywing HighnoonRightLaser,Ywing HighnoonCockpit
Ywing HighnoonRightLaser,396,116,Ywing Highnoon,Ywing HighnoonRightEngine,Ywing HighnoonRightWing,Ywing HighnoonNosecone,Battleship10oclockLeftForeWing,Ywing HighnoonCockpit
Ywing HighnoonCockpit,437,92,Ywing Highnoon,Ywing HighnoonRightEngine,Ywing HighnoonLeftEngine,Ywing HighnoonNosecone,Ywing HighnoonLeftLaser,Ywing HighnoonRightLaser
Ywing HighnoonNosecone,437,140,Ywing Highnoon,Ywing HighnoonRightLaser,Ywing HighnoonLeftLaser,Ywing HighnoonCockpit
Ywing HighnoonLeftEngine,478,68,Ywing Highnoon,Ywing HighnoonCockpit,Ywing HighnoonLeftLaser,Ywing HighnoonLeftWing
Ywing HighnoonLeftLaser,478,116,Ywing Highnoon,Ywing HighnoonLeftEngine,Ywing HighnoonNosecone,Battleship2oclockRightForeWing,Ywing HighnoonLeftWing,Ywing HighnoonCockpit
Ywing HighnoonLeftWing,519,92,Ywing Highnoon,Ywing HighnoonLeftEngine,Ywing HighnoonLeftLaser,Stealthchip 1oclockRightWing
Stealthchip 11oclockRightEngine,232,164,Stealthchip 11oclock,Stealthchip 11oclockLeftEngine,Stealthchip 11oclockRightWing,Stealthchip 11oclockCockpit
Stealthchip 11oclockRightWing,232,212,Stealthchip 11oclock,Stealthchip 11oclockRightEngine,Stealthchip 11oclockCockpit,Stealthchip 11oclockRightLaser,Ywing 10oclockLeftWing
Stealthchip 11oclockLeftEngine,273,140,Stealthchip 11oclock,Stealthchip 11oclockRightEngine,Stealthchip 11oclockCockpit,Stealthchip 11oclockLeftWing
Stealthchip 11oclockCockpit,273,188,Stealthchip 11oclock,Stealthchip 11oclockLeftEngine,Stealthchip 11oclockLeftWing,Stealthchip 11oclockRightEngine,Stealthchip 11oclockRightWing,Stealthchip 11oclockRightLaser,Stealthchip 11oclockLeftLaser
Stealthchip 11oclockRightLaser,273,236,Stealthchip 11oclock,Stealthchip 11oclockCockpit,Stealthchip 11oclockLeftLaser,Stealthchip 11oclockNosecone,Battleship10oclockCockpit,Stealthchip 11oclockRightWing
Stealthchip 11oclockLeftWing,314,164,Stealthchip 11oclock,Ywing HighnoonRightWing,Stealthchip 11oclockLeftEngine,Stealthchip 11oclockLeftLaser,Stealthchip 11oclockCockpit
Stealthchip 11oclockLeftLaser,314,212,Stealthchip 11oclock,Stealthchip 11oclockLeftWing,Stealthchip 11oclockCockpit,Stealthchip 11oclockNosecone,Stealthchip 11oclockRightLaser,Battleship2oclockRightForeWing
Stealthchip 11oclockNosecone,314,260,Stealthchip 11oclock,Stealthchip 11oclockLeftLaser,Stealthchip 11oclockRightLaser
Ywing 10oclockRightWing,68,356,Ywing 10oclock,Ywing 10oclockRightLaser,Ywing 10oclockRightEngine,Stealthchip 9oclockLeftWing
Ywing 10oclockRightEngine,68,308,Ywing 10oclock,Ywing 10oclockCockpit,Ywing 10oclockRightLaser,Ywing 10oclockRightWing
Ywing 10oclockRightLaser,109,332,Ywing 10oclock,Ywing 10oclockCockpit,Ywing 10oclockNosecone,Ywing 10oclockRightEngine,Ywing 10oclockRightWing,Battleship10oclockCockpit
Ywing 10oclockCockpit,109,284,Ywing 10oclock,Ywing 10oclockLeftLaser,Ywing 10oclockLeftEngine,Ywing 10oclockNosecone,Ywing 10oclockRightLaser,Ywing 10oclockRightEngine
Ywing 10oclockNosecone,150,308,Ywing 10oclock,Ywing 10oclockLeftLaser,Ywing 10oclockCockpit,Ywing 10oclockRightLaser
Ywing 10oclockLeftEngine,109,236,Ywing 10oclock,Ywing 10oclockLeftWing,Ywing 10oclockLeftLaser,Ywing 10oclockCockpit
Ywing 10oclockLeftLaser,150,260,Ywing 10oclock,Ywing 10oclockLeftWing,Ywing 10oclockLeftEngine,Ywing 10oclockCockpit,Ywing 10oclockNosecone,Battleship10oclockCockpit
Ywing 10oclockLeftWing,150,212,Ywing 10oclock,Stealthchip 11oclockRightWing,Ywing 10oclockLeftEngine,Ywing 10oclockLeftLaser
Stealthchip 9oclockRightEngine,68,500,Stealthchip 9oclock,Stealthchip 9oclockCockpit,Stealthchip 9oclockLeftEngine,Stealthchip 9oclockRightWing
Stealthchip 9oclockRightWing,109,524,Stealthchip 9oclock,Stealthchip 9oclockCockpit,Stealthchip 9oclockRightEngine,Stealthchip 9oclockRightLaser,Ywing 8oclockLeftWing
Stealthchip 9oclockLeftEngine,68,452,Stealthchip 9oclock,Stealthchip 9oclockCockpit,Stealthchip 9oclockLeftWing,Stealthchip 9oclockRightEngine
Stealthchip 9oclockCockpit,109,476,Stealthchip 9oclock,Stealthchip 9oclockLeftEngine,Stealthchip 9oclockLeftWing,Stealthchip 9oclockLeftLaser,Stealthchip 9oclockRightLaser,Stealthchip 9oclockRightWing,Stealthchip 9oclockRightEngine
Stealthchip 9oclockRightLaser,150,500,Stealthchip 9oclock,Stealthchip 9oclockCockpit,Stealthchip 9oclockRightWing,Stealthchip 9oclockNosecone,Stealthchip 9oclockLeftLaser,Battleship6oclockLeftForeWing
Stealthchip 9oclockLeftWing,109,428,Stealthchip 9oclock,Ywing 10oclockRightWing,Stealthchip 9oclockCockpit,Stealthchip 9oclockLeftEngine,Stealthchip 9oclockLeftLaser
Stealthchip 9oclockLeftLaser,150,452,Stealthchip 9oclock,Stealthchip 9oclockCockpit,Stealthchip 9oclockNosecone,Stealthchip 9oclockRightLaser,Stealthchip 9oclockLeftWing,Battleship10oclockCockpit
Stealthchip 9oclockNosecone,191,476,Stealthchip 9oclock,Stealthchip 9oclockRightLaser,Stealthchip 9oclockLeftLaser
Ywing 8oclockRightWing,150,740,Ywing 8oclock,Ywing 8oclockRightLaser,Ywing 8oclockRightEngine,Stealthchip 7oclockLeftWing
Ywing 8oclockRightEngine,109,716,Ywing 8oclock,Ywing 8oclockRightLaser,Ywing 8oclockRightWing,Ywing 8oclockCockpit
Ywing 8oclockRightLaser,150,692,Ywing 8oclock,Battleship6oclockLeftForeWing,Ywing 8oclockCockpit,Ywing 8oclockNosecone,Ywing 8oclockRightEngine,Ywing 8oclockRightWing
Ywing 8oclockCockpit,109,668,Ywing 8oclock,Ywing 8oclockLeftEngine,Ywing 8oclockRightLaser,Ywing 8oclockRightEngine,Ywing 8oclockNosecone
Ywing 8oclockNosecone,150,644,Ywing 8oclock,Ywing 8oclockRightLaser,Ywing 8oclockCockpit,Ywing 8oclockLeftLaser
Ywing 8oclockLeftEngine,68,644,Ywing 8oclock,Ywing 8oclockCockpit,Ywing 8oclockLeftLaser,Ywing 8oclockLeftWing
Ywing 8oclockLeftLaser,109,620,Ywing 8oclock,Ywing 8oclockNosecone,Ywing 8oclockLeftEngine,Ywing 8oclockLeftWing,Battleship10oclockRightForeWing
Ywing 8oclockLeftWing,68,596,Ywing 8oclock,Stealthchip 9oclockRightWing,Ywing 8oclockLeftEngine,Ywing 8oclockLeftLaser
Stealthchip 7oclockRightEngine,273,812,Stealthchip 7oclock,Stealthchip 7oclockCockpit,Stealthchip 7oclockRightWing,Stealthchip 7oclockLeftEngine
Stealthchip 7oclockRightWing,314,788,Stealthchip 7oclock,Stealthchip 7oclockCockpit,Stealthchip 7oclockRightEngine,Stealthchip 7oclockRightLaser,Ywing 6oclockLeftWing
Stealthchip 7oclockLeftEngine,232,788,Stealthchip 7oclock,Stealthchip 7oclockLeftWing,Stealthchip 7oclockCockpit,Stealthchip 7oclockRightEngine
Stealthchip 7oclockCockpit,273,764,Stealthchip 7oclock,Stealthchip 7oclockLeftWing,Stealthchip 7oclockRightEngine,Stealthchip 7oclockLeftEngine,Stealthchip 7oclockLeftLaser,Stealthchip 7oclockRightLaser,Stealthchip 7oclockRightWing
Stealthchip 7oclockRightLaser,314,740,Stealthchip 7oclock,Stealthchip 7oclockCockpit,Stealthchip 7oclockRightWing,Stealthchip 7oclockNosecone,Battleship6oclockCockpit,Stealthchip 7oclockLeftLaser
Stealthchip 7oclockLeftWing,232,740,Stealthchip 7oclock,Ywing 8oclockRightWing,Stealthchip 7oclockLeftLaser,Stealthchip 7oclockCockpit,Stealthchip 7oclockLeftEngine
Stealthchip 7oclockLeftLaser,273,716,Stealthchip 7oclock,Stealthchip 7oclockLeftWing,Stealthchip 7oclockCockpit,Stealthchip 7oclockNosecone,Stealthchip 7oclockRightLaser,Battleship10oclockRightForeWing
Stealthchip 7oclockNosecone,314,692,Stealthchip 7oclock,Stealthchip 7oclockLeftLaser,Stealthchip 7oclockRightLaser
Ywing 6oclockRightWing,519,860,Ywing 6oclock,Ywing 6oclockRightLaser,Ywing 6oclockRightEngine,Stealthchip 5oclockLeftWing
Ywing 6oclockRightEngine,478,884,Ywing 6oclock,Ywing 6oclockRightLaser,Ywing 6oclockCockpit,Ywing 6oclockRightWing
Ywing 6oclockRightLaser,478,836,Ywing 6oclock,Ywing 6oclockNosecone,Ywing 6oclockCockpit,Ywing 6oclockRightEngine,Ywing 6oclockRightWing,Battleship6oclockCockpit
Ywing 6oclockCockpit,437,860,Ywing 6oclock,Ywing 6oclockLeftLaser,Ywing 6oclockRightLaser,Ywing 6oclockLeftEngine,Ywing 6oclockNosecone,Ywing 6oclockRightEngine
Ywing 6oclockNosecone,437,812,Ywing 6oclock,Ywing 6oclockLeftLaser,Ywing 6oclockRightLaser,Ywing 6oclockCockpit
Ywing 6oclockLeftEngine,396,884,Ywing 6oclock,Ywing 6oclockLeftLaser,Ywing 6oclockCockpit,Ywing 6oclockLeftWing
Ywing 6oclockLeftLaser,396,836,Ywing 6oclock,Ywing 6oclockLeftWing,Ywing 6oclockLeftEngine,Ywing 6oclockCockpit,Ywing 6oclockNosecone,Battleship6oclockCockpit
Ywing 6oclockLeftWing,355,860,Ywing 6oclock,Stealthchip 7oclockRightWing,Ywing 6oclockLeftLaser,Ywing 6oclockLeftEngine
Stealthchip 5oclockRightEngine,642,788,Stealthchip 5oclock,Stealthchip 5oclockCockpit,Stealthchip 5oclockLeftEngine,Stealthchip 5oclockRightWing
Stealthchip 5oclockRightWing,642,740,Stealthchip 5oclock,Stealthchip 5oclockCockpit,Stealthchip 5oclockRightEngine,Stealthchip 5oclockRightLaser,Ywing 4oclockLeftWing
Stealthchip 5oclockLeftEngine,601,812,Stealthchip 5oclock,Stealthchip 5oclockLeftWing,Stealthchip 5oclockCockpit,Stealthchip 5oclockRightEngine
Stealthchip 5oclockCockpit,601,764,Stealthchip 5oclock,Stealthchip 5oclockLeftWing,Stealthchip 5oclockLeftLaser,Stealthchip 5oclockRightLaser,Stealthchip 5oclockRightWing,Stealthchip 5oclockRightEngine,Stealthchip 5oclockLeftEngine
Stealthchip 5oclockRightLaser,601,716,Stealthchip 5oclock,Stealthchip 5oclockLeftLaser,Stealthchip 5oclockCockpit,Stealthchip 5oclockRightWing,Stealthchip 5oclockNosecone,Battleship2oclockLeftForeWing
Stealthchip 5oclockLeftWing,560,788,Stealthchip 5oclock,Ywing 6oclockRightWing,Stealthchip 5oclockLeftEngine,Stealthchip 5oclockCockpit,Stealthchip 5oclockLeftLaser
Stealthchip 5oclockLeftLaser,560,740,Stealthchip 5oclock,Stealthchip 5oclockLeftWing,Stealthchip 5oclockNosecone,Stealthchip 5oclockRightLaser,Stealthchip 5oclockCockpit,Battleship6oclockCockpit
Stealthchip 5oclockNosecone,560,692,Stealthchip 5oclock,Stealthchip 5oclockLeftLaser,Stealthchip 5oclockRightLaser
Ywing 4oclockRightWing,806,596,Ywing 4oclock,Ywing 4oclockRightEngine,Ywing 4oclockRightLaser,Stealthchip 3oclockLeftWing
Ywing 4oclockRightEngine,806,644,Ywing 4oclock,Ywing 4oclockCockpit,Ywing 4oclockRightLaser,Ywing 4oclockRightWing
Ywing 4oclockRightLaser,765,620,Ywing 4oclock,Ywing 4oclockCockpit,Ywing 4oclockRightEngine,Ywing 4oclockRightWing,Battleship2oclockLeftForeWing,Ywing 4oclockNosecone
Ywing 4oclockCockpit,765,668,Ywing 4oclock,Ywing 4oclockLeftEngine,Ywing 4oclockLeftLaser,Ywing 4oclockNosecone,Ywing 4oclockRightLaser,Ywing 4oclockRightEngine
Ywing 4oclockNosecone,724,644,Ywing 4oclock,Ywing 4oclockCockpit,Ywing 4oclockRightLaser,Ywing 4oclockLeftLaser
Ywing 4oclockLeftEngine,765,716,Ywing 4oclock,Ywing 4oclockLeftWing,Ywing 4oclockLeftLaser,Ywing 4oclockCockpit
Ywing 4oclockLeftLaser,724,692,Ywing 4oclock,Ywing 4oclockLeftWing,Ywing 4oclockLeftEngine,Ywing 4oclockCockpit,Ywing 4oclockNosecone,Battleship6oclockRightForeWing
Ywing 4oclockLeftWing,724,740,Ywing 4oclock,Stealthchip 5oclockRightWing,Ywing 4oclockLeftLaser,Ywing 4oclockLeftEngine
Stealthchip 3oclockRightEngine,806,452,Stealthchip 3oclock,Stealthchip 3oclockCockpit,Stealthchip 3oclockLeftEngine,Stealthchip 3oclockRightWing
Stealthchip 3oclockRightWing,765,428,Stealthchip 3oclock,Stealthchip 3oclockCockpit,Stealthchip 3oclockRightEngine,Ywing 2oclockLeftWing,Stealthchip 3oclockRightLaser
Stealthchip 3oclockLeftEngine,806,500,Stealthchip 3oclock,Stealthchip 3oclockLeftWing,Stealthchip 3oclockCockpit,Stealthchip 3oclockRightEngine
Stealthchip 3oclockCockpit,765,476,Stealthchip 3oclock,Stealthchip 3oclockLeftWing,Stealthchip 3oclockLeftLaser,Stealthchip 3oclockRightLaser,Stealthchip 3oclockRightWing,Stealthchip 3oclockRightEngine,Stealthchip 3oclockLeftEngine
Stealthchip 3oclockRightLaser,724,452,Stealthchip 3oclock,Stealthchip 3oclockLeftLaser,Stealthchip 3oclockCockpit,Stealthchip 3oclockRightWing,Stealthchip 3oclockNosecone,Battleship2oclockCockpit
Stealthchip 3oclockLeftWing,765,524,Stealthchip 3oclock,Ywing 4oclockRightWing,Stealthchip 3oclockLeftEngine,Stealthchip 3oclockCockpit,Stealthchip 3oclockLeftLaser
Stealthchip 3oclockLeftLaser,724,500,Stealthchip 3oclock,Stealthchip 3oclockLeftWing,Stealthchip 3oclockCockpit,Stealthchip 3oclockRightLaser,Stealthchip 3oclockNosecone,Battleship6oclockRightForeWing
Stealthchip 3oclockNosecone,683,476,Stealthchip 3oclock,Stealthchip 3oclockLeftLaser,Stealthchip 3oclockRightLaser
Ywing 2oclockRightWing,724,212,Ywing 2oclock,Ywing 2oclockRightLaser,Ywing 2oclockRightEngine,Stealthchip 1oclockLeftWing
Ywing 2oclockRightEngine,765,236,Ywing 2oclock,Ywing 2oclockCockpit,Ywing 2oclockRightLaser,Ywing 2oclockRightWing
Ywing 2oclockRightLaser,724,260,Ywing 2oclock,Ywing 2oclockCockpit,Ywing 2oclockNosecone,Ywing 2oclockRightEngine,Ywing 2oclockRightWing,Battleship2oclockCockpit
Ywing 2oclockCockpit,765,284,Ywing 2oclock,Ywing 2oclockLeftEngine,Ywing 2oclockLeftLaser,Ywing 2oclockRightEngine,Ywing 2oclockRightLaser,Ywing 2oclockNosecone
Ywing 2oclockNosecone,724,308,Ywing 2oclock,Ywing 2oclockLeftLaser,Ywing 2oclockCockpit,Ywing 2oclockRightLaser
Ywing 2oclockLeftEngine,806,308,Ywing 2oclock,Ywing 2oclockLeftWing,Ywing 2oclockCockpit,Ywing 2oclockLeftLaser
Ywing 2oclockLeftLaser,765,332,Ywing 2oclock,Ywing 2oclockLeftWing,Ywing 2oclockLeftEngine,Ywing 2oclockNosecone,Ywing 2oclockCockpit,Battleship2oclockCockpit
Ywing 2oclockLeftWing,806,356,Ywing 2oclock,Stealthchip 3oclockRightWing,Ywing 2oclockLeftLaser,Ywing 2oclockLeftEngine
Stealthchip 1oclockRightEngine,601,140,Stealthchip 1oclock,Stealthchip 1oclockCockpit,Stealthchip 1oclockRightWing,Stealthchip 1oclockLeftEngine
Stealthchip 1oclockRightWing,560,164,Stealthchip 1oclock,Ywing HighnoonLeftWing,Stealthchip 1oclockCockpit,Stealthchip 1oclockRightLaser,Stealthchip 1oclockRightEngine
Stealthchip 1oclockLeftEngine,642,164,Stealthchip 1oclock,Stealthchip 1oclockLeftWing,Stealthchip 1oclockCockpit,Stealthchip 1oclockRightEngine
Stealthchip 1oclockCockpit,601,188,Stealthchip 1oclock,Stealthchip 1oclockLeftWing,Stealthchip 1oclockLeftLaser,Stealthchip 1oclockLeftEngine,Stealthchip 1oclockRightEngine,Stealthchip 1oclockRightWing,Stealthchip 1oclockRightLaser
Stealthchip 1oclockRightLaser,560,212,Stealthchip 1oclock,Stealthchip 1oclockLeftLaser,Stealthchip 1oclockCockpit,Stealthchip 1oclockNosecone,Battleship10oclockLeftForeWing,Stealthchip 1oclockRightWing
Stealthchip 1oclockLeftWing,642,212,Stealthchip 1oclock,Ywing 2oclockRightWing,Stealthchip 1oclockLeftEngine,Stealthchip 1oclockCockpit,Stealthchip 1oclockLeftLaser
Stealthchip 1oclockLeftLaser,601,236,Stealthchip 1oclock,Stealthchip 1oclockLeftWing,Battleship2oclockCockpit,Stealthchip 1oclockNosecone,Stealthchip 1oclockRightLaser,Stealthchip 1oclockCockpit
Stealthchip 1oclockNosecone,560,260,Stealthchip 1oclock,Stealthchip 1oclockLeftLaser,Stealthchip 1oclockRightLaser
Battleship2oclockRightForeWing,478,356,Battleship2oclock,Battleship2oclockRightAftWing,Battleship2oclockRightEngine,Battleship2oclockRightLaser
Battleship2oclockRightLaser,478,404,Battleship2oclock,Battleship2oclockRightEngine,Battleship2oclockRightForeWing,Battleship2oclockPhotonTorps
Battleship2oclockRightAftWing,519,332,Battleship2oclock,Battleship2oclockRightForeWing,Battleship2oclockRightEngine,Stealthchip 1oclockNosecone,Ywing 2oclockRightLaser
Battleship2oclockRightEngine,519,380,Battleship2oclock,Battleship2oclockRightAftWing,Battleship2oclockRightForeWing,Battleship2oclockRightLaser,Battleship2oclockPhotonTorps,Battleship2oclockCockpit
Battleship2oclockPhotonTorps,519,428,Battleship2oclock,Battleship2oclockRightEngine,Battleship2oclockCockpit,Battleship2oclockLeftEngine,Battleship2oclockLeftLaser,Battleship6oclockLeftLaser,Battleship10oclockRightLaser,Battleship2oclockRightLaser
Battleship2oclockLeftLaser,519,476,Battleship2oclock,Battleship2oclockLeftEngine,Battleship2oclockPhotonTorps,Battleship2oclockLeftForeWing
Battleship2oclockCockpit,560,404,Battleship2oclock,Battleship2oclockRightEngine,Battleship2oclockPhotonTorps,Battleship2oclockLeftEngine
Battleship2oclockLeftEngine,560,452,Battleship2oclock,Battleship2oclockCockpit,Battleship2oclockLeftAftWing,Battleship2oclockLeftForeWing,Battleship2oclockLeftLaser,Battleship2oclockPhotonTorps
Battleship2oclockLeftForeWing,560,500,Battleship2oclock,Battleship2oclockLeftAftWing,Battleship2oclockLeftEngine,Battleship2oclockLeftLaser
Battleship2oclockLeftAftWing,601,476,Battleship2oclock,Battleship2oclockLeftEngine,Battleship2oclockLeftForeWing,Stealthchip 3oclockNosecone,Ywing 2oclockLeftLaser
Battleship10oclockRightForeWing,314,500,Battleship10oclock,Battleship10oclockRightEngine,Battleship10oclockRightAftWing,Battleship10oclockRightLaser
Battleship10oclockRightLaser,355,476,Battleship10oclock,Battleship10oclockPhotonTorps,Battleship10oclockRightEngine,Battleship10oclockRightForeWing
Battleship10oclockRightAftWing,273,476,Battleship10oclock,Battleship10oclockRightEngine,Battleship10oclockRightForeWing,Ywing 10oclockRightLaser,Stealthchip 9oclockNosecone
Battleship10oclockRightEngine,314,452,Battleship10oclock,Battleship10oclockPhotonTorps,Battleship10oclockCockpit,Battleship10oclockRightAftWing,Battleship10oclockRightForeWing,Battleship10oclockRightLaser
Battleship10oclockPhotonTorps,355,428,Battleship10oclock,Battleship2oclockLeftLaser,Battleship6oclockRightLaser,Battleship10oclockLeftLaser,Battleship10oclockLeftEngine,Battleship10oclockCockpit,Battleship10oclockRightEngine,Battleship10oclockRightLaser
Battleship10oclockLeftLaser,396,404,Battleship10oclock,Battleship10oclockLeftForeWing,Battleship10oclockPhotonTorps,Battleship10oclockLeftEngine
Battleship10oclockCockpit,314,404,Battleship10oclock,Battleship10oclockPhotonTorps,Battleship10oclockLeftEngine,Battleship10oclockRightEngine
Battleship10oclockLeftEngine,355,380,Battleship10oclock,Battleship10oclockLeftForeWing,Battleship10oclockPhotonTorps,Battleship10oclockLeftAftWing,Battleship10oclockCockpit
Battleship10oclockLeftForeWing,396,356,Battleship10oclock,Battleship10oclockLeftAftWing,Battleship10oclockLeftEngine,Battleship10oclockLeftLaser
Battleship10oclockLeftAftWing,355,332,Battleship10oclock,Battleship10oclockLeftForeWing,Battleship10oclockLeftEngine,Ywing 10oclockLeftLaser,Stealthchip 11oclockNosecone
Battleship6oclockRightForeWing,519,572,Battleship6oclock,Battleship6oclockRightLaser,Battleship6oclockRightAftWing,Battleship6oclockRightEngine
Battleship6oclockRightLaser,478,548,Battleship6oclock,Battleship6oclockRightEngine,Battleship6oclockRightForeWing,Battleship6oclockPhotonTorps
Battleship6oclockRightAftWing,519,620,Battleship6oclock,Battleship6oclockRightForeWing,Battleship6oclockRightEngine,Stealthchip 5oclockNosecone,Ywing 6oclockRightLaser
Battleship6oclockRightEngine,478,596,Battleship6oclock,Battleship6oclockRightLaser,Battleship6oclockRightForeWing,Battleship6oclockRightAftWing,Battleship6oclockPhotonTorps,Battleship6oclockCockpit
Battleship6oclockPhotonTorps,437,572,Battleship6oclock,Battleship2oclockRightLaser,Battleship6oclockRightLaser,Battleship6oclockRightEngine,Battleship6oclockCockpit,Battleship6oclockLeftEngine,Battleship6oclockLeftLaser,Battleship10oclockLeftLaser
Battleship6oclockLeftLaser,396,548,Battleship6oclock,Battleship6oclockLeftForeWing,Battleship6oclockLeftEngine,Battleship6oclockPhotonTorps
Battleship6oclockCockpit,437,620,Battleship6oclock,Battleship6oclockRightEngine,Battleship6oclockPhotonTorps,Battleship6oclockLeftEngine
Battleship6oclockLeftEngine,396,596,Battleship6oclock,Battleship6oclockLeftForeWing,Battleship6oclockCockpit,Battleship6oclockLeftLaser,Battleship6oclockPhotonTorps,Battleship6oclockLeftAftWing
Battleship6oclockLeftForeWing,355,572,Battleship6oclock,Battleship6oclockLeftLaser,Battleship6oclockLeftEngine,Battleship6oclockLeftAftWing
Battleship6oclockLeftAftWing,355,620,Battleship6oclock,Battleship6oclockLeftForeWing,Battleship6oclockLeftEngine,Stealthchip 7oclockNosecone,Ywing 6oclockLeftLaser
