[Map]
author= gicran
image=WorldHyboriaConan.bmp
wrap=yes
scroll=none
warn=no

[Continents]
Cimeria=3
Aquilonia=3
Shem=4
Stygia=5
Turan=2
Khitai=3

[Territories]
Territory00,220,160,Cimeria,Territory03,Territory04,Territory05,Territory09,Territory07,Territory08
Territory01,130,74,Cimeria,Territory02,Territory03,Territory04
Territory02,51,188,Cimeria,Territory06,Territory07,Territory03,Territory01
Territory03,144,144,Cimeria,Territory02,Territory01,Territory04,Territory00,Territory07
Territory04,217,76,Cimeria,Territory01,Territory03,Territory00,Territory05
Territory05,300,110,Cimeria,Territory04,Territory00,Territory09,Territory10,Territory17
Territory06,76,288,Aquilonia,Territory02,Territory07,Territory12,Territory11
Territory07,120,220,Aquilonia,Territory06,Territory02,Territory03,Territory00,Territory08,Territory12
Territory08,200,209,Aquilonia,Territory07,Territory00,Territory09,Territory13,Territory12
Territory09,276,196,Aquilonia,Territory08,Territory00,Territory05,Territory10,Territory13
Territory10,328,238,Aquilonia,Territory13,Territory09,Territory05,Territory17,Territory14
Territory11,124,305,Aquilonia,Territory06,Territory12,Territory14,Territory16
Territory12,181,258,Aquilonia,Territory06,Territory07,Territory08,Territory13,Territory14,Territory11
Territory13,271,244,Aquilonia,Territory12,Territory08,Territory09,Territory10,Territory14
Territory14,223,290,Aquilonia,Territory11,Territory12,Territory13,Territory10,Territory17,Territory16,Territory15
Territory15,294,294,Aquilonia,Territory14,Territory16
Territory16,330,330,Shem,Territory11,Territory14,Territory15,Territory17,Territory19,Territory23,Territory47,Territory24
Territory17,385,128,Shem,Territory14,Territory10,Territory05,Territory18,Territory19,Territory16
Territory18,614,111,Shem,Territory17,Territory20,Territory21,Territory45,Territory46
Territory19,420,340,Turan,Territory16,Territory17,Territory22,Territory20,Territory23
Territory20,537,246,Turan,Territory22,Territory18,Territory21,Territory19,Territory23
Territory21,645,224,Shem,Territory20,Territory18,Territory45,Territory43,Territory40,Territory39,Territory38,Territory23
Territory22,498,277,Turan,Territory20,Territory19
Territory23,441,428,Shem,Territory16,Territory19,Territory20,Territory21,Territory38,Territory37,Territory36,Territory35
Territory24,259,367,Stygia,Territory16,Territory47,Territory27,Territory26,Territory25
Territory25,216,398,Stygia,Territory24,Territory26,Territory28
Territory26,262,397,Stygia,Territory25,Territory24,Territory27,Territory28
Territory27,320,410,Stygia,Territory26,Territory24,Territory47,Territory28,Territory48
Territory28,271,449,Stygia,Territory25,Territory26,Territory27,Territory48,Territory31,Territory30,Territory29
Territory29,247,503,Stygia,Territory28,Territory30,Territory34
Territory30,282,505,Stygia,Territory29,Territory28,Territory31,Territory33,Territory34
Territory31,319,477,Stygia,Territory30,Territory28,Territory48,Territory32,Territory33
Territory32,351,477,Stygia,Territory31,Territory48,Territory35,Territory33
Territory33,326,513,Stygia,Territory30,Territory31,Territory32,Territory35,Territory34
Territory34,322,555,Stygia,Territory29,Territory30,Territory33,Territory35
Territory35,399,492,Stygia,Territory33,Territory32,Territory48,Territory47,Territory23,Territory34
Territory36,472,447,Khitai,Territory23,Territory37
Territory37,516,422,Khitai,Territory23,Territory36,Territory38
Territory38,593,364,Khitai,Territory37,Territory23,Territory21,Territory40,Territory41
Territory39,651,281,Khitai,Territory21,Territory40
Territory40,656,327,Khitai,Territory21,Territory39,Territory43,Territory42,Territory41,Territory38
Territory41,656,382,Khitai,Territory38,Territory40,Territory42
Territory42,728,335,Khitai,Territory41,Territory40,Territory43,Territory45,Territory44
Territory43,714,296,Khitai,Territory40,Territory21,Territory45,Territory42
Territory44,787,330,Khitai,Territory42,Territory45
Territory45,767,213,Khitai,Territory21,Territory18,Territory46,Territory44,Territory42,Territory43
Territory46,882,163,Khitai,Territory18,Territory45
Territory47,359,416,Stygia,Territory27,Territory24,Territory16,Territory23,Territory35,Territory48
Territory48,346,449,Stygia,Territory28,Territory27,Territory47,Territory35,Territory32,Territory31
