[Map]
author=Timothy Stow
image=tennessee1.bmp
wrap=no
scroll=horizontal
warn=yes

[Continents]
West1=6
West2=5
West3=6
West4=5
Middle1=6
Middle2=5
Middle3=6
Middle4=5
Middle5=6
Middle6=5
Middle7=6
East1=5
East2=6
East3=5
East4=6

[Territories]
Lake,54,27,West1,Obion,Dyer
Obion,72,28,West1,Lake,Dyer,Gibson,Weakley
Weakley,106,33,West1,Obion,Gibson,Henry,Carroll
Dyer,55,51,West1,Lake,Obion,Lauderdale,Crockett,Gibson
Gibson,89,53,West1,Dyer,Obion,Crockett,Weakley,Carroll,Madison
Lauderdale,45,70,West1,Dyer,Tipton,Haywood,Crockett
Crockett,75,65,West1,Dyer,Lauderdale,Haywood,Madison,Gibson

Tipton,38,92,West2,Lauderdale,Haywood,Shelby,Fayette
Haywood,70,91,West2,Lauderdale,Tipton,Fayette,Hardeman,Madison,Crockett
Madison,93,88,West2,Haywood,Crockett,Gibson,Carroll,Henderson,Chester,Hardeman
Shelby,33,120,West2,Tipton,Fayette
Fayette,52,120,West2,Tipton,Shelby,Haywood,Hardeman
Hardeman,80,120,West2,Fayette,Haywood,Madison,McNairy,Chester

Henry,126,29,West3,Weakley,Carroll,Stewart,Benton
Stewart,156,14,West3,Henry,Benton,Houston,Montgomery
Carroll,121,57,West3,Weakley,Gibson,Madison,Henderson,Benton,Henry
Benton,139,48,West3,Carroll,Henderson,Henry,Houston,Humphreys,Perry,Hardin,Stewart
Houston,167,31,West3,Stewart,Benton,Dickson,Montgomery,Humphreys
Humphreys,164,49,West3,Benton,Perry,Hickman,Dickson,Houston

Chester,111,96,West4,Madison,Hardeman,McNairy,Hardin,Henderson
Henderson,124,84,West4,Madison,Chester,Hardin,Decatur,Carroll,Benton
Decatur,139,86,West4,Henderson,Perry,Wayne,Hardin
Perry,151,86,West4,Decatur,Wayne,Lewis,Hickman,Humphreys,Benton
McNairy,112,122,West4,Hardeman,Chester,Hardin
Hardin,139,113,West4,McNairy,Chester,Henderson,Decatur,Wayne,Benton
Wayne,152,109,West4,Decatur,Hardin,Perry,Lewis,Lawrence

Montgomery,189,12,Middle1,Stewart,Dickson,Cheatham,Robertson,Houston
Robertson,220,16,Middle1,Montgomery,Cheatham,Davidson,Sumner
Sumner,243,18,Middle1,Robertson,Davidson,Wilson,Trousdale,Macon
Dickson,187,44,Middle1,Hickman,Humphreys,Houston,Montgomery,Cheatham,Williamson
Cheatham,208,30,Middle1,Dickson,Montgomery,Robertson,Davidson,Williamson
Davidson,223,39,Middle1,Robertson,Cheatham,Sumner,Wilson,Rutherford,Williamson

Hickman,182,69,Middle2,Perry,Lewis,Humphreys,Dickson,Williamson,Maury
Williamson,219,62,Middle2,Hickman,Cheatham,Davidson,Rutherford,Marshall,Maury,Dickson
Lewis,181,89,Middle2,Wayne,Perry,Lawrence,Hickman,Maury
Maury,206,83,Middle2,Lawrence,Lewis,Hickman,Williamson,Marshall,Giles
Lawrence,186,113,Middle2,Wayne,Lewis,Giles,Maury
Giles,209,114,Middle2,Lawrence,Maury,Marshall,Lincoln

Rutherford,249,64,Middle3,Davidson,Williamson,Marshall,Bedford,Cannon,Wilson
Wilson,259,43,Middle3,Sumner,Davidson,Rutherford,Cannon,Smith,Trousdale,Dekalb
Trousdale,264,23,Middle3,Sumner,Wilson,Macon
Macon,275,13,Middle3,Sumner,Trousdale,Smith,Jackson,Clay
Smith,277,34,Middle3,Wilson,Macon,Jackson,Putnam,Dekalb
Dekalb,285,55,Middle3,Wilson,Smith,Putnam,White,Warren,Cannon
Cannon,270,68,Middle3,Rutherford,Wilson,Dekalb,Warren,Coffee

Marshall,227,99,Middle4,Williamson,Maury,Giles,Lincoln,Bedford,Rutherford
Lincoln,235,117,Middle4,Giles,Marshall,Bedford,Moore,Franklin
Moore,253,106,Middle4,Lincoln,Bedford,Coffee,Franklin
Bedford,243,92,Middle4,Lincoln,Marshall,Rutherford,Coffee,Moore

Coffee,272,93,Middle5,Bedford,Moore,Cannon,Warren,Grundy,Franklin
Franklin,269,118,Middle5,Moore,Coffee,Grundy,Marion,Lincoln
Marion,297,121,Middle5,Franklin,Hamilton,Sequatchie,Grundy
Grundy,293,99,Middle5,Coffee,Franklin,Marion,Sequatchie,Warren
Warren,289,79,Middle5,Dekalb,Cannon,Coffee,Grundy,Van Buren,White

Clay,306,11,Middle6,Macon,Jackson,Overton,Pickett
Pickett,330,10,Middle6,Clay,Overton,Fentress,Scott
Jackson,295,25,Middle6,Macon,Smith,Putnam,Overton,Clay
Overton,320,26,Middle6,Putnam,Jackson,Clay,Pickett,Fentress,Cumberland
Fentress,342,22,Middle6,Pickett,Overton,Cumberland,Morgan,Scott
Putnam,308,41,Middle6,Smith,Dekalb,White,Cumberland,Overton,Jackson
White,310,58,Middle6,Dekalb,Warren,Van Buren,Cumberland,Putnam
Cumberland,339,56,Middle6,Rhea,White,Putnam,Overton,Fentress,Morgan,Roane

Van Buren,311,78,Middle7,Warren,Sequatchie,Bledshoe,White
Bledshoe,324,85,Middle7,Hamilton,Rhea,Sequatchie,Van Buren
Rhea,342,85,Middle7,Hamilton,Meigs,Cumberland,Bledshoe,Roane
Meigs,350,91,Middle7,Hamilton,Bradley,McMinn,Roane,Rhea
McMinn,362,98,Middle7,Polk,Bradley,Monroe,Meigs,Roane
Sequatchie,314,101,Middle7,Marion,Grundy,Hamilton,Bledshoe,Van Buren
Hamilton,327,115,Middle7,Marion,Bradley,Sequatchie,Bledshoe,Rhea,Meigs,Polk
Bradley,347,118,Middle7,Hamilton,McMinn,Meigs
Polk,369,121,Middle7,Hamilton,McMinn,Monroe

Scott,371,22,East1,Pickett,Fentress,Morgan,Campbell,Anderson
Campbell,393,23,East1,Scott,Anderson,Union,Claiborne
Morgan,361,44,East1,Fentress,Cumberland,Roane,Scott,Anderson
Roane,371,62,East1,McMinn,Meigs,Rhea,Cumberland,Loudon,Anderson,Morgan
Anderson,388,44,East1,Roane,Morgan,Scott,Campbell,Union,Knox

Knox,407,53,East2,Loudon,Blount,Anderson,Sevier,Jefferson,Grainger,Union
Loudon,385,72,East2,Monroe,Blount,Knox,Roane
Monroe,386,96,East2,Polk,McMinn,Loudon,Blount
Blount,407,79,East2,Monroe,Loudon,Knox,Sevier
Sevier,431,71,East2,Blount,Cocke,Jefferson,Knox

Claiborne,425,16,East3,Campbell,Union,Grainger,Hancock
Hancock,448,14,East3,Claiborne,Grainger,Hawkins
Hawkins,466,19,East3,Greene,Hamblen,Hancock,Washington,Sullivan
Union,413,32,East3,Campbell,Anderson,Knox,Claiborne,Grainger
Grainger,434,32,East3,Knox,Union,Claiborne,Jefferson,Hamblen,Hancock
Hamblen,447,37,East3,Cocke,Grainger,Jefferson,Greene,Hawkins
Jefferson,437,50,East3,Sevier,Knox,Cocke,Grainger,Hamblen

Cocke,458,60,East4,Sevier,Jefferson,Hamblen,Greene
Greene,478,42,East4,Cocke,Hamblen,Hawkins,Unicoi,Washington
Unicoi,500,45,East4,Greene,Washington,Carter
Washington,497,31,East4,Greene,Unicoi,Carter,Sullivan,Hawkins
Sullivan,510,14,East4,Washington,Carter,Johnson,Hawkins
Carter,520,32,East4,Unicoi,Washington,Sullivan,Johnson
Johnson,539,18,East4,Sullivan,Carter


