[Map]
author=Sid6.7
warn=yes
image=lirot.bmp
wrap=yes
scroll=horizontal

[Continents]
Acitzam=5
Nureaf=8
Arahkaz=6
Rutarak=3
Horger=7
Kina=6
Waste=1
Nypon=2
Austriopith=3
Sychelcoco=2
Molnahsia=4
Wyndego=3
Kermedac=1
Yesterisle=4
Chukchi=1
Howfing=7



[Territories]

Wester,505,45,Waste,Anaunoch,Amn,Sessel
Easter,841,60,Waste,Sholung,Sulung,Janchura

Kolan,239,229,Acitzam,Payit,Michaca,Hanooie,Xicrin,Kayapo,Amaguq
Payit,280,175,Acitzam,Kolan,Emereet,Amaguq,Balduran
Michaca,193,163,Acitzam,Kolan,Nanook
Hanooie,100,239,Acitzam,Kolan,Rapanui,Rapeete
Emereet,345,164,Acitzam,Payit,Moonshae

Rapanui,63,386,Yesterisle,Hanooie

Yokyo,881,192,Nypon,Coreya,Tulung,Pokinowa

Yahnkey,482,483,Kermedac,Madazan

Balduran,283,104,Wyndego,Payit,Amaguq
Nanook,170,113,Wyndego,Michaca,Amaguq,Buryats,Tyvins
Amaguq,236,135,Wyndego,Balduran,Nanook,Payit,Kolan

Buryats,68,20,Chukchi,Nanook
Tyvins,150,19,Chukchi,Nanook

Kayapo,333,320,Kina,Arara,Kolan,Xicrin
Xicrin,258,316,Kina,Kayapo,Kolan,Parkana,Arara
Arara,318,424,Kina,Xicrin,Kayapo,Parkana,Arwete,tiku
Arwete,256,448,Kina,Parkana,Arara
Parkana,247,376,Kina,Huascar,Xicrin,Arwete,Arara
Huascar,220,417,Kina,Parkana
Tiku,390,380,Kina,Arara,Bhar


Moonshae,400,119,Nureaf,Amn,Emereet
Amn,454,93,Nureaf,Moonshae,Anaunoch,Turans,Wester
Anaunoch,506,84,Nureaf,Amn,Turans,Wester,Sessel
Turans,493,128,Nureaf,Amn,Anaunoch,Shaar
Shaar,523,171,Nureaf,Turans,E. Shaar,Samarch
E. Shaar,566,173,Nureaf,Shaar,Sessel,Thay,Murghom,Vahlaad
Sessel,562,100,Nureaf,E. Shaar,Anaunoch,Wester,Thay,Rashmen
Samarch,474,176,Nureaf,Shaar

Rashmen,616,122,Horger,Sessel,Thay,Sholung,Tamerlane
Thay,604,163,Horger,Sessel,E. Shaar,Murghom,Tamerlane,Rashmen
Murghom,603,195,Horger,Thay,E. Shaar,Tamerlane,Ulgarth,Vahlaad
Sholung,689,113,Horger,Rashmen,Tamerlane,Easter,Sulung
Ulgarth,651,231,Horger,Murghom,Tamerlane,Chinghas,Vahlaad
Tamerlane,677,184,Horger,Rashmen,Thay,Murghom,Ulgarth,Sholung,Chinghas
Chinghas,756,227,Horger,Tamerlane,Ulgarth,Tabot,Artalam,Segara,Petan

Sulung,794,123,Howfing,Tulung,Janchura,Easter,Sholung
Tulung,787,172,Howfing,Sulung,Tabot,Yokyo
Tabot,799,192,Howfing,Tulung,Chinghas
Janchura,875,107,Howfing,Sulung,Easter,Coreya
Coreya,900,132,Howfing,Janchura,Yokyo

Rapeete,1253,245,Molnahsia,Hanooie,Pokinowa,Herbydees
Pokinowa,1246,180,Molnahsia,Yokyo,Rapeete
Herbydees,1238,278,Molnahsia,Rapeete,Bakeenland

Airzok,1087,383,Austriopith,Bakeenland,Yinee,Yevertever,Ert
Mowree,1226,462,Austriopith,Bakeenland
Aztamia,1056,492,Austriopith,Bakeenland
Bakeenland,1165,413,Austriopith,Yinee,Herbydees,Airzok,Ert,Mowree,Aztamia
Yinee,1114,293,Austriopith,Bakeenland,Airzok,Yevertever
Yevertever,1035,322,Austriopith,Yinee,Ert,Airzok,Artalam
Ert,1020,390,Austriopith,Airzok,Yevertever,Bakeenland

Artalam,818,246,Rutarak,Chinghas,Petan,Yevertever
Segara,737,277,Rutarak,Chinghas,Petan,Vahlaad
Petan,792,259,Rutarak,Artalam,Chinghas,Segara

Vahlaad,616,244,Arahkaz,Murghom,Ulgarth,Segara,E. Shaar,Konghiem,Vacman
Konghiem,563,261,Arahkaz,Vahlaad,Vacman,Alkibr
Vacman,596,276,Arahkaz,Vahlaad,Konghiem,Noskadas,Larbya
Noskadas,581,299,Arahkaz,Vacman,Alkibr,Madazan
Alkibr,538,289,Arahkaz,Bhar,Konghiem,Noskadas,Alsitan
Bhar,465,330,Arahkaz,Alkibr,Tiku

Alsitan,524,354,Sychelcoco,Alkibr,Madazan
Madazan,551,368,Sychelcoco,Noskadas,Alsitan,Larbya,Yahnkey
Larbya,604,369,Sychelcoco,Vacman,Madazan

