[Map]
author=Sid6.7
image=Remanskegg.bmp
wrap=yes
scroll=horizontal
warn=yes

[Continents]
Danggar=3
Redel=1
Zoligong=5
Skien=2
Pegar=3
Cheest=3
Skegg=3

[Territories]
Shue,84,230,Danggar,Peel,Hamnt,Pier,Poog
Pier,184,251,Danggar,Hamnt,Madrid,Shue,Miyrcl,Nist
Madrid,241,315,Danggar,Hamnt,Pier
Hamnt,151,317,Danggar,Peel,Redel,Madrid,Pier,Shue
Peel,131,367,Danggar,Hamnt,Shue,Ober
Redel,251,399,Redel,Hamnt
Teshi,532,64,Zoligong,Crepes,Org,Nigh
Org,645,118,Zoligong,Teshi,Nigh,Cheest
Nigh,532,147,Zoligong,Teshi,Org,Territory14,Barnt,Lernt,Cheesel
Crepes,407,60,Zoligong,Sane,Nist,Teshi
Nist,361,116,Zoligong,Pier,Sane,Crepes
Lernt,503,173,Zoligong,Nigh,Cheesel,Barnt
Cheesel,443,175,Zoligong,Nigh,Lernt,Barnt
Barnt,506,224,Zoligong,Nigh,Cheesel,Lernt,Territory14,Kelnd
Territory14,557,253,Zoligong,Nigh,Barnt,Kelnd
Skien,752,344,Skien,Jerft,Roma,Poog
Jerft,778,417,Skien,Reed,Ober,Skien
Ober,845,412,Skien,Peel,Jerft
Cheest,798,112,Cheest,Borlay,Krand,Org
Krand,850,146,Cheest,Borlay,Cheest
Borlay,808,166,Cheest,Haft,Krand,Cheest
Haft,789,242,Cheest,Poog,Roma,Borlay
Poog,832,286,Cheest,Shue,Skien,Haft,Roma
Roma,718,293,Cheest,Skien,Poog,Haft
Kelnd,535,279,Pegar,Barnt,Territory14,Chulot,ASker
Chulot,513,351,Pegar,Kelnd,ASker
ASker,562,409,Pegar,Kelnd,Chulot,Reed
Reed,654,466,Pegar,ASker,Jerft
Skegg,212,65,Skegg,Miyrcl,Sane
Miyrcl,264,90,Skegg,Pier,Skegg,Sane
Sane,322,43,Skegg,Miyrcl,Skegg,Crepes,Nist
