
[Map]
image=Japan.bmp
wrap=no
scroll=horizontal
author=J Johnston

[Continents]
Amako=7
Hokkaido=4
Hosokawa=7
Imagawa=7
Kyushu=5
Shikoku=3

[Territories]
Tango,202,448,Amako,Tamba,Tajima
Tajima,189,457,Amako,Tamba,Tango,Harima,Inaba
Harima,194,480,Amako,Tamba,Settsu,Tajima,Inaba,Mimasaka,Bizen,Awaji
Inaba,172,464,Amako,Tajima,Harima,Mimasaka,Hoki
Mimasaka,163,478,Amako,Harima,Inaba,Bizen,Bitchu,Hoki
Bizen,168,496,Amako,Harima,Mimasaka,Bitchu
Bitchu,151,494,Amako,Mimasaka,Bizen,Bingo,Hoki
Bingo,136,502,Amako,Bitchu,Iwami,Hoki,Aki,Izumo,Iyo
Iwami,107,497,Amako,Bingo,Aki,Suo,Nagato,Izumo
Hoki,145,473,Amako,Inaba,Mimasaka,Bitchu,Bingo,Izumo
Aki,118,511,Amako,Bingo,Iwami,Suo
Suo,96,536,Amako,Iwami,Aki,Nagato,Iyo
Nagato,72,535,Amako,Iwami,Suo,Buzen
Izumo,130,479,Amako,Bingo,Iwami,Hoki,Tsushima

Mutsu,378,225,Hokkaido,Dewa,Echigo,Shimotsuke,Hitachi,Kozuke,Ezo
Ezo,369,69,Hokkaido,Mutsu,Sado
Tsushima,119,435,Hokkaido,Noto,Izumo
Noto,249,360,Hokkaido,Etchu,Kaga,Tsushima,Sado
Dewa,348,254,Hokkaido,Echigo,Mutsu,Sado
Echigo,320,341,Hokkaido,Dewa,Kozuke,Shinano,Etchu,Mutsu
Sado,294,316,Hokkaido,Noto,Dewa,Ezo

Kaga,249,402,Hosokawa,Noto,Etchu,Hida,Echizen
Mino,268,432,Hosokawa,Shinano,Hida,Mikawa,Owari,Ise,Echizen,Omi
Mikawa,289,457,Hosokawa,Shinano,Mino,Totomi,Owari
Owari,273,452,Hosokawa,Mino,Mikawa,Ise
Ise,261,487,Hosokawa,Mino,Owari,Yamato,Omi,Kii
Yamato,243,501,Hosokawa,Ise,Kii,Omi
Echizen,245,422,Hosokawa,Kaga,Hida,Mino,Omi,Tamba
Omi,244,469,Hosokawa,Mino,Ise,Echizen,Tamba,Settsu,Yamato
Tamba,223,457,Hosokawa,Omi,Settsu,Tango,Tajima,Harima,Echizen
Settsu,221,477,Hosokawa,Tamba,Harima,Awaji,Omi,Kii
Kii,240,527,Hosokawa,Ise,Yamato,Settsu

Shimotsuke,361,359,Imagawa,Hitachi,Kazusa,Kozuke,Mutsu
Hitachi,384,372,Imagawa,Shimotsuke,Kazusa,Mutsu
Kazusa,383,397,Imagawa,Shimotsuke,Hitachi,Awa,Musashi,Kozuke
Awa,388,417,Imagawa,Kazusa,Miyoshi
Musashi,354,397,Imagawa,Kazusa,Kozuke,Sagami,Kai,Shinano
Kozuke,333,373,Imagawa,Echigo,Shimotsuke,Kazusa,Musashi,Shinano,Mutsu
Sagami,355,419,Imagawa,Musashi,Izu,Suruga,Kai
Izu,349,448,Imagawa,Sagami,Suruga
Suruga,325,445,Imagawa,Sagami,Izu,Kai,Shinano,Totomi
Kai,329,415,Imagawa,Musashi,Sagami,Suruga,Shinano
Shinano,302,399,Imagawa,Echigo,Musashi,Kozuke,Suruga,Kai,Etchu,Hida,Mino,Totomi,Mikawa
Etchu,269,387,Imagawa,Echigo,Shinano,Noto,Kaga,Hida
Hida,276,407,Imagawa,Shinano,Etchu,Kaga,Mino,Echizen
Totomi,309,454,Imagawa,Suruga,Shinano,Mikawa

Bungo,90,585,Kyushu,Buzen,Chikuzen,Chikugo,Hyuga,Higo,Iyo
Buzen,72,567,Kyushu,Bungo,Chikuzen,Nagato
Chikuzen,55,566,Kyushu,Bungo,Buzen,Hizen,Chikugo
Hizen,35,586,Kyushu,Chikuzen,Chikugo
Chikugo,56,582,Kyushu,Bungo,Chikuzen,Hizen,Higo
Hyuga,89,617,Kyushu,Bungo,Osumi,Satsuma,Higo
Osumi,80,660,Kyushu,Hyuga,Satsuma,Tosa
Satsuma,59,648,Kyushu,Hyuga,Osumi,Higo
Higo,70,602,Kyushu,Bungo,chikugo,Hyuga,Satsuma

Sanuki,173,519,Shikoku,Miyoshi,Iyo,Awaji
Miyoshi,189,527,Shikoku,Sanuki,Tosa,Iyo,Awa
Tosa,166,544,Shikoku,Miyoshi,Iyo,Osumi
Iyo,138,546,Shikoku,Sanuki,Miyoshi,Tosa,Bingo,Bungo,Suo
Awaji,204,507,Shikoku,Settsu,Sanuki,Harima







