[Map]
author=Dustwhirl
warn=yes
image=tyrania.bmp
wrap=no
scroll=horizontal

[Continents]
Dycia=4
Terra=6
Midland=2
Aquia=4
Horsk=5
Whirlop=8
Dusterra=5
Spoonia=5

[Territories]

Dyhap,19,22,Dycia,Dynimod
Dynimod,78,72,Dycia,Dyhap,Dyrall,Dywalla,Dyton,Tepid,Tek
Dyrall,170,37,Dycia,Dynimod,Dywalla,Dyton,Dygog
Dywalla,158,118,Dycia,Dynimod,Dyrall,Dygog,Tek,Tehalla
Dyton,243,13,Dycia,Dynimod,Dyrall,Dygog,Dybab
Dygog,243,72,Dycia,Dyrall,Dywalla,Dyton,Dybab,Dymanna,Why
Dybab,324,50,Dycia,Dyton,Dygog,Dymanna,Whird,Duw
Dymanna,319,97,Dycia,Dygog,Dybab,Why,Whird

Tepid,5,244,Terra,Dynimod,Tellac,Tekkapod,Tequa
Tellac,4,322,Terra,Tepid,Tequa,Midgap
Tek,103,181,Terra,Tekkapod,Tegge,Tehalla,Dynimod,Dywalla
Tekkapod,87,238,Terra,Tepid,Tek,Tegge,Tedon
Tegge,149,228,Terra,Tek,Tekkapod,Tedon,Tewall,Tehalla
Tedon,108,262,Terra,Tekkapod,Tegge,Tewall,Tequa
Tewall,147,280,Terra,Tegge,Tedon,Tequa,Tej,Tehalla
Tequa,76,319,Terra,Tepid,Tellac,Tedon,Tewall,Tej,Midecca
Tej,184,320,Terra,Tewall,Tequa,Tehalla,Midecca,Midwalla,Aquiac,Aquianna
Tehalla,218,247,Terra,Tek,Tegge,Tewall,Tej,Dywalla,Why,Whird

Midgap,26,461,Midland,Midfuh,Midgar,Tellac
Midfuh,64,432,Midland,Midgap,Midecca
Midgar,114,489,Midland,Midgap,Aquiapp
Midecca,106,371,Midland,Midfuh,Midwalla,Tequa,Tej
Midwalla,152,358,Midland,Midecca,Tej,Aquiac

Aquiac,204,366,Aquia,Aquianna,Tej,Midwalla
Aquianna,252,373,Aquia,Aquiac,Aquialla,Aquiedis,Tej
Aquiapp,229,460,Aquia,Aquialla,Midgar
Aquialla,277,429,Aquia,Aquianna,Aquiapp,Aquiedis,Aquiex,Hopple
Aquiedis,307,380,Aquia,Aquianna,Aquialla,Aquiog,Aquiex,Whirl
Aquiog,351,379,Aquia,Aquiedis,Aquiex,Hogog
Aquiex,348,410,Aquia,Aquialla,Aquiedis,Aquiog,Hored,Hogog

Hopple,345,480,Horsk,Horst,Aquialla
Horst,388,452,Horsk,Hopple,Hored,Hogog
Hored,391,417,Horsk,Horst,Hogog,Aquiex
Hogog,431,445,Horsk,Horst,Hored,Howalla,Hoy,Aquiog,Aquiex
Howalla,434,392,Horsk,Hogog,Hoke,Houmb,Hoy
Hoke,422,339,Horsk,Howalla,Hoesse,Houmb,Whirl,Whav,April
Hoesse,450,310,Horsk,Hoke,Whav,Whot,April
Houmb,488,386,Horsk,Howalla,Hoke,Hoy,April
Hoy,491,442,Horsk,Hogog,Howalla,Houmb,Hotek,April
Hotek,551,487,Horsk,Hoy,April,Spil

Why,273,152,Whirlop,Whird,Dygog,Dymanna,Tehalla
Whird,308,183,Whirlop,Why,Whirl,Dybab,Dymanna,Tehalla,Dusty,Duw
Whirl,355,242,Whirlop,Whird,Whess,Whav,Hoke,Aquiedis,Dusty,Duay,Dunn
Whess,464,192,Whirlop,Whirl,Whackk,Whav,Whot,Dusty,Dunn,Dess
Whackk,514,187,Whirlop,Whess,Whaq,Dess
Whav,432,274,Whirlop,Whirl,Whess,Whot,Hoke,Hoesse
Whot,482,245,Whirlop,Whess,Whav,Hoesse,April,Spik
Whaq,633,203,Whirlop,Whackk,Dav,Spik,Spool

Dusty,426,111,Dusterra,Duw,Duay,Dunn,Dess,Dazz,Whird,Whirl,Whess
Duw,411,78,Dusterra,Dusty,Dop,Dazz,Dybab,Whird
Duay,400,154,Dusterra,Dusty,Dunn,Whirl
Dunn,435,164,Dusterra,Dusty,Duay,Whirl,Whess
Dess,496,139,Dusterra,Dusty,Dazz,Whess,Whackk
Dop,533,73,Dusterra,Duw,Dill,Dazz
Dill,577,95,Dusterra,Dop,Dav,Dazz
Dav,617,131,Dusterra,Dill,Dax,Dazz,Whaq
Dax,641,118,Dusterra,Dav
Dazz,530,110,Dusterra,Dusty,Duw,Dess,Dop,Dill,Dav

April,510,343,Spoonia,Spil,Spjames,Hoke,Hoesse,Houmb,Hoy,Hotek,Whot
Spax,563,353,Spoonia,Spoon,Spjames
Spoon,558,380,Spoonia,Spax,Spjames
Spil,592,435,Spoonia,April,Speyn,Spjames,Hotek
Speyn,623,404,Spoonia,Spil,Spjames
Spaaw,610,303,Spoonia,Spik,Spool,Spyn,Spjames
Spik,611,270,Spoonia,Spaaw,Spool,Whot,Whaq
Spool,649,296,Spoonia,Spaaw,Spik,Spyn,Whaq
Spyn,641,330,Spoonia,Spaaw,Spool,Spjames
Spjames,610,344,Spoonia,April,Spax,Spoon,Spil,Speyn,Spaaw,Spyn