[Map]
author=Topeich
image=Conquest_Mapita.bmp
wrap=yes
scroll=horizontal
warn=yes

[Continents]
Flame=5
Smoke=4
RealFlow=4
Maya=4
Softimage=3
Avid=3
Eddie=3
Flint=2
Winamp=1
DreamWeaver=1
TmpgEnc=1
ConverGrados=5
WordPad=1
NotePad=2
ElasticReality=2

[Territories]

Flame_1,115,60,Flame,Flame_2,Flame_5,Flame_6,Elastic_2,Maya_3
Flame_2,175,75,Flame,Flame_1,Flame_6,Flame_7,Flame_3
Flame_3,241,51,Flame,Flame_2,Flame_7,Flame_8,Flame_4,ConverGrados_26
Flame_4,319,78,Flame,Flame_3,Flame_8,Flame_9,Flame_10
Flame_5,105,110,Flame,Flame_1,Flame_6,Flame_12,Flame_11
Flame_6,172,131,Flame,Flame_1,Flame_2,Flame_7,Flame_5,Flame_12,Flame_13,Flame_14
Flame_7,227,94,Flame,Flame_2,Flame_3,Flame_6,Flame_14,Flame_8
Flame_8,270,109,Flame,Flame_3,Flame_4,Flame_7,Flame_9,Flame_14,Flame_15
Flame_9,313,125,Flame,Flame_4,Flame_8,Flame_15,Flame_16,Flame_10
Flame_10,350,94,Flame,Flame_4,Flame_9
Flame_11,66,154,Flame,Flame_5,Flame_12,Flame_18,Flame_19,Maya_6
Flame_12,106,156,Flame,Flame_5,Flame_6,Flame_11,Flame_13,Flame_19
Flame_13,158,173,Flame,Flame_6,Flame_12,Flame_14,Flame_19,Flame_21
Flame_14,218,145,Flame,Flame_7,Flame_8,Flame_6,Flame_13,Flame_15
Flame_15,270,151,Flame,Flame_14,Flame_8,Flame_9,Flame_16
Flame_16,322,177,Flame,Flame_9,Flame_15,Flame_17,Softimage_1,Smoke_7
Flame_17,294,202,Flame,Flame_16
Flame_18,92,218,Flame,Flame_11,Flame_19,Flame_20,Flame_21
Flame_19,126,203,Flame,Flame_11,Flame_12,Flame_13,Flame_18,Flame_21
Flame_20,118,252,Flame,Flame_18,Flame_21,Flame_22
Flame_21,171,237,Flame,Flame_18,Flame_19,Flame_13,Flame_20,Flame_22
Flame_22,188,277,Flame,Flame_20,Flame_21,Flame_23
Flame_23,222,306,Flame,Flame_22,Flame_24,Flame_26,Flame_27
Flame_24,269,283,Flame,Flame_23,Flame_27,Flame_25
Flame_25,312,281,Flame,Flame_24,Flame_27,Flame_28
Flame_26,234,362,Flame,Flame_23,Flame_27,Flame_28,ConverGrados_8
Flame_27,277,331,Flame,Flame_23,Flame_24,Flame_25,Flame_26,Flame_28
Flame_28,313,356,Flame,Flame_25,Flame_26,Flame_27,Softimage_4


Smoke_1,419,37,Smoke,Smoke_2,Smoke_3
Smoke_2,405,73,Smoke,Smoke_1,Smoke_3,Smoke_4
Smoke_3,449,48,Smoke,Smoke_1,Smoke_2,Smoke_4,Smoke_5,Smoke_6,ConverGrados_21
Smoke_4,414,115,Smoke,Smoke_2,Smoke_3,Smoke_5,Smoke_7,Smoke_8
Smoke_5,460,84,Smoke,Smoke_3,Smoke_4,Smoke_6,Smoke_8,Smoke_9
Smoke_6,526,51,Smoke,Smoke_3,Smoke_5,Smoke_9
Smoke_7,382,146,Smoke,Smoke_4,Smoke_8,Flame_16,Softimage_1
Smoke_8,446,134,Smoke,Smoke_4,Smoke_5,Smoke_7,Smoke_9
Smoke_9,520,92,Smoke,Smoke_5,Smoke_6,Smoke_8,Softimage_7


Elastic_1,50,670,ElasticReality,Elastic_2,Elastic_3
Elastic_2,41,719,ElasticReality,Elastic_1,Elastic_3,Elastic_4,Flame_1,Eddie_9
Elastic_3,89,694,ElasticReality,Elastic_1,Elastic_2,Elastic_4,Elastic_5
Elastic_4,91,729,ElasticReality,Elastic_2,Elastic_3,Elastic_5
Elastic_5,143,724,ElasticReality,Elastic_3,Elastic_4


RealFlow_1,603,92,RealFlow,RealFlow_2,RealFlow_3,RealFlow_4,RealFlow_5
RealFlow_2,646,62,RealFlow,RealFlow_1,RealFlow_5,RealFlow_3
RealFlow_3,682,94,RealFlow,RealFlow_1,RealFlow_2,RealFlow_5,RealFlow_6,RealFlow_7
RealFlow_4,582,146,RealFlow,RealFlow_1,RealFlow_5,RealFlow_8,Softimage_7
RealFlow_5,622,146,RealFlow,RealFlow_1,RealFlow_2,RealFlow_3,RealFlow_4,RealFlow_6,RealFlow_8
RealFlow_6,683,152,RealFlow,RealFlow_3,RealFlow_5,RealFlow_7,RealFlow_8
RealFlow_7,737,113,RealFlow,RealFlow_3,RealFlow_6,Maya_1
RealFlow_8,636,205,RealFlow,RealFlow_4,RealFlow_5,RealFlow_6,Winamp_1


Winamp_1,552,260,Winamp,Winamp_2,RealFlow_8
Winamp_2,581,277,Winamp,Winamp_1,TmpgEnc_2,DreamWeaver_1


DreamWeaver_1,635,302,DreamWeaver,DreamWeaver_2,TmpgEnc_2,Winamp_2
DreamWeaver_2,671,305,DreamWeaver,DreamWeaver_1,Avid_2


TmpgEnc_1,555,344,TmpgEnc,TmpgEnc_2,ConverGrados_16
TmpgEnc_2,596,328,TmpgEnc,TmpgEnc_1,DreamWeaver_1,Winamp_2


Avid_1,749,202,Avid,Avid_2,Avid_3,Avid_4
Avid_2,727,284,Avid,Avid_1,Avid_3,Avid_5,DreamWeaver_2
Avid_3,790,321,Avid,Avid_1,Avid_2,Avid_4,Avid_5,Avid_6
Avid_4,822,261,Avid,Avid_1,Avid_3,Avid_6,Maya_7
Avid_5,791,384,Avid,Avid_2,Avid_3,Avid_6,Flint_1
Avid_6,867,349,Avid,Avid_3,Avid_4,Avid_5,Eddie_2


Maya_1,774,48,Maya,Maya_2,Maya_4,RealFlow_7
Maya_2,856,58,Maya,Maya_1,Maya_4,Maya_5,Maya_3
Maya_3,964,57,Maya,Maya_2,Maya_5,Maya_6,Eddie_9,Flame_1
Maya_4,819,133,Maya,Maya_1,Maya_2,Maya_5,Maya_7
Maya_5,902,121,Maya,Maya_2,Maya_3,Maya_4,Maya_6,Maya_7,Maya_8
Maya_6,976,130,Maya,Maya_3,Maya_5,Maya_8,Flame_11
Maya_7,886,176,Maya,Maya_4,Maya_5,Maya_8,Avid_4
Maya_8,960,194,Maya,Maya_5,Maya_6,Maya_7


Eddie_1,929,270,Eddie,Eddie_2,Eddie_3
Eddie_2,956,327,Eddie,Eddie_1,Eddie_3,Eddie_4,Eddie_6,Avid_6,ConverGrados_1
Eddie_3,985,280,Eddie,Eddie_1,Eddie_2
Eddie_4,939,387,Eddie,Eddie_2,Eddie_5,Eddie_6
Eddie_5,936,459,Eddie,Eddie_4,Eddie_6,Eddie_7,Flint_6
Eddie_6,987,463,Eddie,Eddie_2,Eddie_4,Eddie_5,Eddie_7,Eddie_8,ConverGrados_4,NotePad_1
Eddie_7,952,546,Eddie,Eddie_5,Eddie_6,Eddie_8,Eddie_9
Eddie_8,993,566,Eddie,Eddie_6,Eddie_7,Eddie_9
Eddie_9,973,649,Eddie,Eddie_7,Eddie_8,Eddie_10,Elastic_2,Maya_3
Eddie_10,936,689,Eddie,Eddie_9


Notepad_1,34,484,Notepad,Notepad_2,Notepad_3,Eddie_6
Notepad_2,72,495,Notepad,Notepad_1,Notepad_3,ConverGrados_9
Notepad_3,29,538,Notepad,Notepad_1,Notepad_2,ConverGrados_23


WordPad_1,325,567,WordPad,ConverGrados_9,ConverGrados_10,ConverGrados_13,ConverGrados_14,ConverGrados_21,ConverGrados_25,ConverGrados_26,ConverGrados_27


Flint_1,710,444,Flint,Flint_2,Flint_3,Avid_5
Flint_2,679,514,Flint,Flint_1,Flint_3,Flint_4,ConverGrados_20
Flint_3,743,499,Flint,Flint_1,Flint_2,Flint_4,Flint_5,Flint_6
Flint_4,738,557,Flint,Flint_2,Flint_3,Flint_5
Flint_5,802,538,Flint,Flint_3,Flint_4,Flint_6
Flint_6,843,481,Flint,Flint_3,Flint_5,Eddie_5

Softimage_1,377,217,Softimage,Softimage_2,Softimage_3,Smoke_7,Flame_16
Softimage_2,360,260,Softimage,Softimage_1,Softimage_3,Softimage_4
Softimage_3,428,241,Softimage,Softimage_1,Softimage_2,Softimage_4,Softimage_5,Softimage_6,Softimage_9,Softimage_10
Softimage_4,398,287,Softimage,Softimage_2,Softimage_3,Softimage_9,Flame_28
Softimage_5,472,198,Softimage,Softimage_3,Softimage_6,Softimage_7,Softimage_8
Softimage_6,492,236,Softimage,Softimage_3,Softimage_5,Softimage_7,Softimage_8
Softimage_7,516,164,Softimage,Softimage_5,Softimage_6,Softimage_8,Smoke_9,RealFlow_4
Softimage_8,533,208,Softimage,Softimage_5,Softimage_6,Softimage_7
Softimage_9,440,333,Softimage,Softimage_3,Softimage_4,Softimage_10,Softimage_11,Softimage_12
Softimage_10,495,326,Softimage,Softimage_3,Softimage_9,Softimage_12
Softimage_11,405,362,Softimage,Softimage_9,Softimage_12
Softimage_12,441,383,Softimage,Softimage_9,Softimage_10,Softimage_11


ConverGrados_1,54,331,ConverGrados,ConverGrados_2,ConverGrados_3,ConverGrados_4,Eddie_2
ConverGrados_2,126,328,ConverGrados,ConverGrados_1,ConverGrados_3,ConverGrados_5,ConverGrados_6
ConverGrados_3,93,356,ConverGrados,ConverGrados_1,ConverGrados_2,ConverGrados_4,ConverGrados_5
ConverGrados_4,59,395,ConverGrados,ConverGrados_1,ConverGrados_3,ConverGrados_5,ConverGrados_7,Eddie_6
ConverGrados_5,120,389,ConverGrados,ConverGrados_2,ConverGrados_3,ConverGrados_4,ConverGrados_6,ConverGrados_7
ConverGrados_6,163,379,ConverGrados,ConverGrados_2,ConverGrados_5,ConverGrados_7
ConverGrados_7,145,427,ConverGrados,ConverGrados_4,ConverGrados_5,ConverGrados_6,ConverGrados_8,ConverGrados_9
ConverGrados_8,207,455,ConverGrados,ConverGrados_7,ConverGrados_9,ConverGrados_10,ConverGrados_11,ConverGrados_13,Flame_26
ConverGrados_9,175,520,ConverGrados,ConverGrados_7,ConverGrados_8,ConverGrados_10,ConverGrados_23,ConverGrados_24,ConverGrados_25,WordPad_1,NotePad_2
ConverGrados_10,248,518,ConverGrados,ConverGrados_8,ConverGrados_9,ConverGrados_13,WordPad_1
ConverGrados_11,305,433,ConverGrados,ConverGrados_8,ConverGrados_12,ConverGrados_13
ConverGrados_12,365,445,ConverGrados,ConverGrados_11,ConverGrados_13,ConverGrados_14,ConverGrados_15
ConverGrados_13,329,491,ConverGrados,ConverGrados_8,ConverGrados_10,ConverGrados_11,ConverGrados_12,ConverGrados_14,WordPad_1
ConverGrados_14,431,511,ConverGrados,ConverGrados_12,ConverGrados_13,ConverGrados_15,ConverGrados_19,ConverGrados_21,WordPad_1
ConverGrados_15,480,464,ConverGrados,ConverGrados_12,ConverGrados_14,ConverGrados_19,ConverGrados_16,ConverGrados_17
ConverGrados_16,562,387,ConverGrados,ConverGrados_15,ConverGrados_17,ConverGrados_18,TmpgEnc_1
ConverGrados_17,548,436,ConverGrados,ConverGrados_15,ConverGrados_16,ConverGrados_18,ConverGrados_19,ConverGrados_20
ConverGrados_18,618,413,ConverGrados,ConverGrados_16,ConverGrados_17,ConverGrados_20
ConverGrados_19,515,501,ConverGrados,ConverGrados_14,ConverGrados_15,ConverGrados_17,ConverGrados_20,ConverGrados_21,ConverGrados_22
ConverGrados_20,582,495,ConverGrados,ConverGrados_17,ConverGrados_18,ConverGrados_19,ConverGrados_22,Flint_2
ConverGrados_21,449,600,ConverGrados,ConverGrados_14,ConverGrados_19,ConverGrados_22,ConverGrados_27,WordPad_1,Smoke_3
ConverGrados_22,557,556,ConverGrados,ConverGrados_19,ConverGrados_20,ConverGrados_21
ConverGrados_23,102,565,ConverGrados,ConverGrados_9,ConverGrados_24,NotePad_3
ConverGrados_24,144,585,ConverGrados,ConverGrados_9,ConverGrados_23,ConverGrados_25
ConverGrados_25,199,606,ConverGrados,ConverGrados_9,ConverGrados_24,ConverGrados_26,WordPad_1
ConverGrados_26,263,660,ConverGrados,ConverGrados_25,ConverGrados_27,WordPad_1,Flame_3
ConverGrados_27,359,642,ConverGrados,ConverGrados_21,ConverGrados_26,WordPad_1



