[Map]
author=Tony Kozlowski
image=Illinois.bmp
wrap=no
scroll=vertical
warn=yes

[Continents]
Rockford=3
Collar=2
Chicago=5
Ring=2
Rock=2
Peoria=3
West=2
Wagon=3
Springfield=5
UofI=3
Westward=3
Executive=3
East=3
Shawnee=3


[Territories]
JoDaviess,180,65,Rockford,Stephenson,Carroll
Stephenson,240,65,Rockford,JoDaviess,Carroll,Ogle,Winnebago
Winnebago,285,65,Rockford,Stephenson,Ogle,Boone
Carroll,210,105,Rockford,JoDaviess,Stephenson,Ogle,Whiteside
Whiteside,215,150,Rockford,Carroll,Ogle,Lee,Bureau,Henry,RockIsland
Ogle,275,105,Rockford,Carroll,Stephenson,Winnebago,DeKalb,Lee,Whiteside
Lee,275,150,Rockford,Whiteside,Ogle,DeKalb,LaSalle,Bureau

McHenry,365,65,Collar,Boone,Lake,DeKalb,Kane,Cook
Lake,415,65,Collar,McHenry,Cook
Kane,370,125,Collar,DeKalb,McHenry,Cook,DuPage,Kendall
Kendall,370,170,Collar,DeKalb,Kane,Will,Grundy,LaSalle
Will,415,190,Collar,Cook,DuPage,Kendall,Grundy,Kankakee

DuPage,400,135,Chicago,Cook,Kane,Will
Cook,440,135,Chicago,Lake,McHenry,Kane,DuPage,Will

Boone,325,65,Ring,Winnebago,DeKalb,McHenry
DeKalb,335,125,Ring,Boone,Ogle,Lee,LaSalle,Kendall,Kane,McHenry
LaSalle,325,200,Ring,Marshall,Putnam,Bureau,Lee,DeKalb,Kendall,Grundy,Livingston,Woodford
Grundy,375,215,Ring,LaSalle,Kendall,Will,Kankakee,Livingston
Kankakee,435,235,Ring,Will,Grundy,Livingston,Ford,Iroquois

RockIsland,135,195,Rock,Whiteside,Henry,Mercer
Mercer,120,225,Rock,RockIsland,Henry,Knox,Warren,Henderson
Henry,190,205,Rock,Whiteside,Bureau,Stark,Knox,Mercer,RockIsland
Henderson,100,280,Rock,Mercer,Warren,McDonough,Hancock
Warren,140,275,Rock,Mercer,Knox,Fulton,McDonough,Henderson,Mercer
Knox,175,265,Rock,Stark,Peoria,Fulton,Warren,Mercer,Henry

Bureau,250,200,Peoria,Lee,LaSalle,Putnam,Marshall,Stark,Henry,Whiteside
Putnam,280,230,Peoria,Bureau,Marshall,LaSalle
Stark,225,245,Peoria,Knox,Henry,Bureau,Marshall,Peoria
Peoria,225,280,Peoria,Fulton,Knox,Stark,Marshall,Woodford,Tazewell
Marshall,275,255,Peoria,Woodford,LaSalle,Putnam,Bureau,Stark,Peoria
Woodford,290,285,Peoria,Livingston,McLean,Tazewell,Peoria,Marshall,LaSalle
Livingston,350,265,Peoria,Ford,McLean,Woodford,LaSalle,Grundy,Kankakee
Fulton,180,335,Peoria,Mason,Peoria,Tazewell,Knox,Warren,McDonough,Schuyler
Tazewell,255,325,Peoria,Fulton,Mason,Logan,McLean,Woodford,Peoria
McLean,325,330,Peoria,Tazewell,Woodford,Livingston,Ford,Champaign,Piatt,DeWitt,Logan

Hancock,75,335,West,Henderson,McDonough,Schuyler,Adams
McDonough,125,330,West,Fulton,Schuyler,Hancock,Henderson,Warren
Adams,70,395,West,Hancock,Schuyler,Brown,Pike
Brown,120,400,West,Cass,Morgan,Pike,Adams,Schuyler
Schuyler,135,375,West,Mason,Fulton,McDonough,Hancock,Adams,Brown,Cass
Pike,100,450,West,Calhoun,Scott,Morgan,Brown,Adams,Greene
Calhoun,125,500,West,Pike,Greene,Jersey

Cass,170,400,Wagon,Sangamon,Menard,Mason,Schuyler,Brown,Morgan
Mason,210,360,Wagon,Menard,Logan,Tazewell,Fulton,Schuyler,Cass
Menard,220,400,Wagon,Sangamon,Cass,Mason,Logan
Logan,270,380,Wagon,Sangamon,Macon,DeWitt,McLean,Tazewell,Mason,Menard
DeWitt,320,375,Wagon,Piatt,Macon,Logan,McLean
Piatt,350,400,Wagon,Champaign,Douglas,Moultrie,Macon,DeWitt,McLean
Scott,145,445,Wagon,Greene,Morgan,Pike
Morgan,180,440,Wagon,Scott,Pike,Brown,Cass,Morgan,Greene,Macoupin,Sangamon
Macon,315,420,Wagon,Sangamon,Logan,DeWitt,Piatt,Moultrie,Shelby,Christian
Greene,160,485,Wagon,Jersey,Macoupin,Morgan,Scott,Pike,Calhoun
Jersey,160,530,Wagon,Macoupin,Greene,Calhoun,Madison
Macoupin,210,505,Wagon,Montgomery,Sangamon,Morgan,Greene,Jersey,Madison
Montgomery,260,510,Wagon,Sangamon,Christian,Shelby,Fayette,Bond,Madison,Macoupin
Christian,275,465,Wagon,Sangamon,Macon,Shelby,Montgomery
Shelby,330,485,Wagon,Moultrie,Coles,Cumberland,Effingham,Fayette,Montgomery,Christian,Macon
Moultrie,350,450,Wagon,Macon,Piatt,Douglas,Coles,Shelby

Sangamon,235,435,Springfield,Christian,Macon,Logan,Menard,Cass,Morgan,Macoupin,Montgomery

Ford,385,325,UofI,Iroquois,Vermilion,Champaign,McLean,Livingston,Kankakee
Iroquois,430,290,UofI,Vermilion,Ford,Kankakee
Champaign,395,380,UofI,Ford,Vermilion,Douglas,Piatt,McLean
Vermilion,445,375,UofI,Iroquois,Ford,Champaign,Edgar
Douglas,390,430,UofI,Champaign,Edgar,Piatt,Moultrie,Coles
Coles,390,465,UofI,Clark,Cumberland,Shelby,Moultrie,Douglas,Edgar
Edgar,445,440,UofI,Clark,Coles,Douglas,Vermilion
Cumberland,395,500,UofI,Coles,Clark,Jasper,Effingham,Shelby
Clark,440,495,UofI,Edgar,Coles,Cumberland,Jasper,Crawford

Madison,210,565,Westward,StClair,Clinton,Bond,Montgomery,Macoupin,Jersey
Bond,260,555,Westward,Madison,Clinton,Fayette,Montgomery
Fayette,310,540,Westward,Bond,Effingham,Clay,Clinton,Marion,Shelby,Montgomery
StClair,205,615,Westward,Madison,Clinton,Washington,Monroe,Randolph,Monroe
Clinton,260,590,Westward,StClair,Madison,Bond,Fayette,Marion,Washington
Marion,320,590,Westward,Clinton,Fayette,Clay,Wayne,Jefferson,Washington

Monroe,175,640,Executive,Randolph,StClair
Washington,260,630,Executive,Clinton,Marion,StClair,Randolph,Perry,Jefferson
Jefferson,320,635,Executive,Marion,Wayne,Hamilton,Franklin,Perry,Washington
Randolph,220,675,Executive,Monroe,StClair,Perry,Jackson,Washington
Perry,270,670,Executive,Randolph,Jackson,Franklin,Jefferson,Washington
Franklin,320,680,Executive,Perry,Jefferson,Hamilton,Saline,Williamson,Jackson
Hamilton,360,675,Executive,Jefferson,Wayne,White,Saline,Franklin
Jackson,270,715,Executive,Randolph,Perry,Franklin,Williamson,Union

Effingham,355,530,East,Shelby,Fayette,Clay,Jasper,Cumberland
Jasper,400,540,East,Cumberland,Clark,Crawford,Lawrence,Richland,Clay,Effingham
Crawford,445,540,East,Clark,Jasper,Richland,Lawrence
Clay,365,575,East,Fayette,Effingham,Marion,Wayne,Richland,Jasper
Richland,410,580,East,Lawrence,Crawford,Jasper,Clay,Wayne,Edwards,Wabash
Lawrence,450,580,East,Wabash,Edwards,Richland,Jasper,Crawford
Wayne,370,625,East,White,Hamilton,Jefferson,Marion,Clay,Richland,Edwards
Edwards,415,620,East,Wabash,White,Wayne,Richland,Lawrence
Wabash,440,620,East,Lawrence,Richland,Edwards,White
White,400,670,East,Wabash,Edwards,Wayne,Hamilton,Gallatin

Williamson,320,720,Shawnee,Saline,Johnson,Union,Jackson,Franklin
Saline,360,720,Shawnee,Hamilton,Franklin,Williamson,Pope,Hardin,Gallatin
Gallatin,400,720,Shawnee,Hardin,Saline,White
Union,280,760,Shawnee,Alexander,Pulaski,Johnson,Williamson,Jackson
Johnson,325,760,Shawnee,Union,Pulaski,Massac,Pope,Williamson
Pope,360,760,Shawnee,Hardin,Saline,Johnson,Massac
Hardin,390,750,Shawnee,Gallatin,Saline,Pope
Alexander,270,790,Shawnee,Pulaski,Union
Pulaski,295,790,Shawnee,Alexander,Union,Johnson,Massac
Massac,340,790,Shawnee,Pope,Johnson,Pulaski
