[Map]
author=Sean
image=Mikhece.bmp
wrap=yes
scroll=horizontal
warn=yes

[Continents]
Ocubade=5
Ridisse=7
Avauraime=4
Parfit=2
Aspen=8
Brauns=1

[Territories]
Territory01,90,107,Ocubade,Territory02,Territory10
Territory02,68,157,Ocubade,Territory01,Territory03
Territory03,114,190,Ocubade,Territory02,Territory04,Territory06,Territory05
Territory04,159,180,Ocubade,Territory03,Territory05
Territory05,153,232,Ocubade,Territory03,Territory04,Territory06,Territory07
Territory06,95,225,Ocubade,Territory03,Territory05
Territory07,155,291,Ocubade,Territory05,Territory51,Territory46,Territory54
Territory08,337,49,Ridisse,Territory10,Territory11,Territory12,Territory09
Territory09,457,34,Ridisse,Territory12,Territory15,Territory08,Territory16
Territory10,257,64,Ridisse,Territory01,Territory55,Territory08,Territory11,Territory13
Territory11,324,100,Ridisse,Territory10,Territory08,Territory13,Territory12
Territory12,386,96,Ridisse,Territory11,Territory08,Territory13,Territory15,Territory14,Territory09
Territory13,384,147,Ridisse,Territory10,Territory11,Territory12,Territory31,Territory14
Territory14,463,121,Ridisse,Territory12,Territory15,Territory16,Territory13
Territory15,476,72,Ridisse,Territory12,Territory09,Territory14,Territory16
Territory16,533,58,Ridisse,Territory15,Territory14,Territory09,Territory17,Territory18
Territory17,585,60,Ridisse,Territory16,Territory18,Territory19
Territory18,594,92,Ridisse,Territory16,Territory17,Territory19,Territory20
Territory19,697,78,Ridisse,Territory18,Territory17,Territory20
Territory20,686,117,Ridisse,Territory18,Territory19,Territory21
Territory21,740,174,Avauraime,Territory20,Territory27,Territory26,Territory22,Territory25
Territory22,765,156,Avauraime,Territory21,Territory23
Territory23,808,154,Avauraime,Territory22,Territory25,Territory24
Territory24,849,134,Avauraime,Territory25,Territory23
Territory25,807,202,Avauraime,Territory21,Territory23,Territory24
Territory26,704,167,Avauraime,Territory21
Territory27,702,196,Avauraime,Territory28,Territory21
Territory28,646,228,Avauraime,Territory37,Territory27
Territory29,490,306,Parfit,Territory32
Territory30,500,242,Parfit,Territory31,Territory33
Territory31,463,269,Parfit,Territory13,Territory30
Territory32,509,301,Parfit,Territory33,Territory29
Territory33,528,270,Parfit,Territory30,Territory32,Territory35
Territory34,576,362,Aspen,Territory39,Territory38,Territory40,Territory35,Territory36
Territory35,578,307,Aspen,Territory34,Territory37,Territory40,Territory33,Territory36
Territory36,648,342,Aspen,Territory34,Territory37,Territory38,Territory35
Territory37,659,298,Aspen,Territory36,Territory35,Territory28
Territory38,649,410,Aspen,Territory34,Territory36
Territory39,454,406,Aspen,Territory42,Territory41,Territory40,Territory34
Territory40,502,369,Aspen,Territory39,Territory34,Territory35,Territory41
Territory41,422,379,Aspen,Territory44,Territory42,Territory39,Territory40,Territory43
Territory42,400,417,Aspen,Territory43,Territory39,Territory41
Territory43,323,429,Aspen,Territory45,Territory44,Territory47,Territory42,Territory41
Territory44,329,390,Aspen,Territory45,Territory43,Territory41
Territory45,261,381,Aspen,Territory46,Territory47,Territory43,Territory44,Territory53
Territory46,198,356,Aspen,Territory07,Territory52,Territory45,Territory47,Territory53
Territory47,205,423,Aspen,Territory46,Territory48,Territory45,Territory43
Territory48,137,423,Aspen,Territory47,Territory49
Territory49,953,392,Brauns,Territory48,Territory50
Territory50,922,364,Brauns,Territory49
Territory51,112,331,Ocubade,Territory07
Territory52,236,308,Ocubade,Territory54,Territory46,Territory53
Territory53,259,319,Ocubade,Territory52,Territory46,Territory45
Territory54,223,290,Ocubade,Territory07,Territory52
Territory55,212,103,Ridisse,Territory10
