[Map]
author=Paolo Porsia
image=taifa.bmp
wrap=no
scroll=none
warn=yes

[Continents]
Andalucia=3
Badajoz=2
Toledo=2
Valencia-Zaragoza=3

[Territories]
Badajoz,106,300,Badajoz,Seville,Toledo
Seville,130,365,Andalucia,Silves,Huelva,Carmona,Cordoba,Badajoz
Silves,100,395,Andalucia,Seville,Huelva
Huelva,142,395,Andalucia,Silves,Seville
Carmona,240,381,Andalucia,Cordoba,Malaga,Granada,Seville
Cordoba,266,367,Andalucia,Toledo,Granada,Carmona,Seville
Malaga,260,406,Andalucia,Carmona,Granada
Granada,300,400,Andalucia,Almeria,Toledo,Cordoba,Malaga,Carmona,Denia
Almeria,364,400,Andalucia,Granada,Denia
Denia,400,362,Andalucia,Almeria,Toledo,Valencia,Granada
Valencia,408,282,Valencia-Zaragoza,Denia,Toledo,Alpuente,Albarracin,Zaragoza
Alpuente,400,248,Valencia-Zaragoza,Valencia,Toledo,Albarracin
Albarracin,397,221,Valencia-Zaragoza,Toledo,Alpuente,Valencia,Zaragoza
Toledo,330,299,Toledo,Badajoz,Cordoba,Granada,Denia,Alpuente,Albarracin,Valencia,Zaragoza
Zaragoza,388,192,Valencia-Zaragoza,Toledo,Albarracin,Valencia
