[Map]
author=_MIKE CRUSH_
image=_27_ TUNDARA.bmp
wrap=no
scroll=none
warn=no

[Continents]
TUSKA=5
BORGA=3
STAPINSTOHN=5
BRAKA=2

[Territories]
Territory00,51,80,TUSKA,Territory02,Territory01
Territory01,75,88,TUSKA,Territory04,Territory02,Territory00
Territory02,66,112,TUSKA,Territory03,Territory10,Territory00,Territory09,Territory04,Territory01
Territory03,58,149,TUSKA,Territory13,Territory14,Territory10,Territory02
Territory04,97,95,TUSKA,Territory09,Territory05,Territory01,Territory02
Territory05,130,82,TUSKA,Territory06,Territory09,Territory04
Territory06,175,86,TUSKA,Territory07,Territory08,Territory05,Territory09
Territory07,208,89,TUSKA,Territory20,Territory06,Territory08
Territory08,187,122,TUSKA,Territory20,Territory07,Territory06,Territory09
Territory09,138,119,TUSKA,Territory06,Territory08,Territory11,Territory17,Territory10,Territory02,Territory04,Territory05
Territory10,99,148,TUSKA,Territory14,Territory03,Territory17,Territory02,Territory09
Territory11,198,164,TUSKA,Territory22,Territory09,Territory12
Territory12,229,193,TUSKA,Territory25,Territory11
Territory13,52,193,BORGA,Territory15,Territory14,Territory03
Territory14,97,200,BORGA,Territory15,Territory16,Territory17,Territory13,Territory03,Territory10
Territory15,66,235,BORGA,Territory16,Territory14,Territory13
Territory16,142,227,BORGA,Territory18,Territory17,Territory15,Territory14
Territory17,147,178,BORGA,Territory16,Territory18,Territory14,Territory10,Territory09
Territory18,184,215,BORGA,Territory19,Territory16,Territory17
Territory19,225,238,BORGA,Territory26,Territory25,Territory18
Territory20,249,109,STAPINSTOHN,Territory21,Territory08,Territory07
Territory21,271,113,STAPINSTOHN,Territory28,Territory20
Territory22,252,152,STAPINSTOHN,Territory23,Territory11
Territory23,267,163,STAPINSTOHN,Territory28,Territory22
Territory24,303,191,STAPINSTOHN,Territory35,Territory29,Territory25
Territory25,280,200,STAPINSTOHN,Territory24,Territory19,Territory12
Territory26,276,236,STAPINSTOHN,Territory27,Territory19
Territory27,304,236,STAPINSTOHN,Territory36,Territory26
Territory28,319,134,BRAKA,Territory30,Territory29,Territory23,Territory21
Territory29,333,163,BRAKA,Territory30,Territory32,Territory28,Territory35,Territory24
Territory30,358,140,BRAKA,Territory31,Territory28,Territory29,Territory32
Territory31,406,146,BRAKA,Territory33,Territory30,Territory32
Territory32,375,164,BRAKA,Territory31,Territory30,Territory29,Territory35,Territory34,Territory33
Territory33,408,181,BRAKA,Territory31,Territory34,Territory32,Territory38
Territory34,382,199,BRAKA,Territory32,Territory35,Territory33,Territory38,Territory37
Territory35,349,197,BRAKA,Territory32,Territory29,Territory34,Territory36,Territory37,Territory24
Territory36,345,232,BRAKA,Territory37,Territory35,Territory27
Territory37,373,229,BRAKA,Territory34,Territory38,Territory36,Territory35
Territory38,411,229,BRAKA,Territory33,Territory34,Territory37
