[Map]
author=Zenji Yamada
image=geometrical.bmp
wrap=yes
scroll=none
warn=yes

[Continents]
Continent1=5
Continent2=5

[Territories]
Territory01,8,16,Continent2,Territory02,Territory03
Territory02,33,64,Continent2,Territory01,Territory03,Territory05,Territory04
Territory03,119,41,Continent2,Territory01,Territory02,Territory04,Territory07,Territory06
Territory04,105,138,Continent2,Territory02,Territory05,Territory12,Territory06,Territory03
Territory05,47,165,Continent2,Territory02,Territory04,Territory10,Territory11
Territory06,202,124,Continent2,Territory04,Territory03,Territory07,Territory09,Territory08,Territory13
Territory07,244,30,Continent2,Territory03,Territory06,Territory08
Territory08,302,31,Continent2,Territory06,Territory07,Territory09
Territory09,335,134,Continent2,Territory06,Territory08,Territory14
Territory10,20,288,Continent1,Territory05,Territory11
Territory11,118,251,Continent1,Territory12,Territory05,Territory10,Territory16
Territory12,143,177,Continent1,Territory04,Territory13,Territory11
Territory13,237,185,Continent1,Territory06,Territory12,Territory15,Territory14,Territory16
Territory14,347,215,Continent1,Territory09,Territory13,Territory15
Territory15,341,310,Continent1,Territory17,Territory14,Territory13
Territory16,218,310,Continent1,Territory11,Territory18,Territory17,Territory13
Territory17,268,332,Continent1,Territory16,Territory19,Territory15
Territory18,177,354,Continent1,Territory16,Territory19
Territory19,233,354,Continent1,Territory17,Territory18
