[Map]
author=Swen Kinkel
image=Kinkel.bmp
wrap=yes
scroll=horizontal
warn=yes

[Continents]
Iapet=5
Jeno=17
Genschmar=3
Zeitz=5
Sh'tomp=7
Aagte=2

[Territories]
Kaltea,40,100,Iapet,Muran,Honasch,Jinedo
Muran,60,45,Iapet,Kaltea
Jinedo,800,75,Iapet,Honasch,Pakal,Kaltea,Keo
Pakal,750,150,Iapet,Keo,Jinedo
Honasch,817,140,Iapet,Kaltea,Keo,Jinedo
Keo,773,247,Iapet,Cici,Ebansch,Pakal,Honasch,Llabazh,Spikree,Tamotu,Jinedo
Llabazh,826,246,Iapet,Keo
Spikree,777,325,Iapet,Keo,Tamotu
Tamotu,795,390,Iapet,Aquiell,Keo,Spikree

Tate,120,240,Jeno,Ziyal,Pa'Kra
Ziyal,90,270,Jeno,Tate,Sonsji
Aquiell,50,360,Jeno,Sonsji,Tamotu
Sonsji,87,346,Jeno,Ziyal,Aquiell,Wisate,Pa'Kra

Pa'Kra,170,275,Genschmar,Tate,Wisate,Sonsji
Wisate,141,313,Genschmar,Sonsji,Pa'Kra,Plastuk,Espe
Espe,173,440,Genschmar,Wisate,Plastuk,Ranto
Ranto,211,428,Genschmar,Plastuk,Espe,Ysea
Plastuk,213,394,Genschmar,Wisate,Espe,Ranto
Ysea,346,350,Genschmar,Ranto,Swen

Swen,374,325,Zeitz,Ysea,Zokar,Lea
Lea,416,354,Zeitz,Swen,Mosj
Mosj,412,392,Zeitz,Lea,Bakl,Inu
Zokar,351,265,Zeitz,Swen,Cygn,Exsaphie
Exsaphie,390,217,Zeitz,Zokar,Data,Ani
Data,456,250,Zeitz,Exsaphie,Ani,Shhctomp
Shhctomp,520,243,Zeitz,Ani,T'Tiw,Data

Cygn,310,255,Sh'tomp,Zokar,Dine-N'A
Dine-N'A,368,93,Sh'tomp,Ani,Kosh,Pand'Lesh,Cygn
Ani,439,164,Sh'tomp,Exsaphie,Dine-N'A,Shhctomp,Data
Kosh,429,53,Sh'tomp,Dine-N'A,Pand'Lesh,Hurk
Pand'Lesh,486,71,Sh'tomp,Dine-N'A,Kosh,Hurk,G'Nitar
Hurk,520,54,Sh'tomp,Kosh,Pand'Lesh,G'Nitar
G'Nitar,546,78,Sh'tomp,Pand'Lesh,Hurk,Riek,Llin
Riek,625,89,Sh'tomp,G'Nitar,Llin
Llin,611,161,Sh'tomp,Riek,Toot,G'Nitar
T'Tiw,568,249,Sh'tomp,Toot,Ebansch,Shhctomp,Bakl
Toot,594,221,Sh'tomp,Llin,Ebansch,T'Tiw
Ebansch,633,238,Sh'tomp,Toot,T'Tiw,Cici,Keo

Inu,552,389,Aagte,Anej,Bakl,Mosj
Anej,586,398,Aagte,Cici,Inu,Bakl
Cici,631,348,Aagte,Ebansch,Keo,Anej,Bakl
Bakl,559,348,Aagte,Inu,Mosj,Cici,T'Tiw,Anej