[Map]
author=Steve Wildman
warn=yes
image=Wormhole.bmp
wrap=yes
scroll=horizontal

[Continents]
JEDI=3
BUGGER ALE=2
LOVIN IT=3
LASH=5
FURIOUS=3
JIPPIN=3
RAGIN=3
LIVID=3
BEER SLUG=1

[Territories]
A,57,196,JEDI,D,C,B,DM
B,92,159,JEDI,A,C,G,H
C,66,153,JEDI,F,G,B,A,D
D,26,151,JEDI,E,F,C,A
E,20,111,JEDI,F,D,M
F,46,124,JEDI,E,D,C,G,L,M
G,96,134,JEDI,B,H,K,C,F,L
H,129,133,JEDI,I,J,K,G,B,DG
I,140,102,JEDI,J,H
J,140,90,JEDI,R,P,I,K,H
K,92,96,JEDI,G,H,J,P,O,N,L
L,64,105,JEDI,G,K,N,M,F
M,41,82,JEDI,E,F,L,N,O
N,67,78,JEDI,M,O,L,K
O,91,63,JEDI,M,N,K,P,Q
P,133,74,JEDI,O,Q,R,J,K,S
Q,145,59,JEDI,O,S,P
R,189,68,JEDI,S,P,J
S,185,52,JEDI,Q,R,P,T
T,284,31,BUGGER ALE,S,U,W
U,275,38,BUGGER ALE,T,W,V
V,299,51,BUGGER ALE,U,W
W,336,42,BUGGER ALE,T,U,X,V,Y
X,353,27,BUGGER ALE,Y,W,AA
Y,362,38,BUGGER ALE,W,X,Z
Z,395,97,LASH,AC,AB,AA,Y
AA,414,78,LASH,X,Z,AB,AD,AE
AB,421,104,LASH,AA,Z,AC,AE
AC,419,122,LASH,Z,AB,AE
AD,466,63,LASH,AA,AE,AG
AE,457,94,LASH,AD,AC,AB,AA,AF,AG
AF,522,100,LASH,AG,AE,AH,AJ
AG,522,82,LASH,AD,AE,AF,AH,AI
AH,554,89,LASH,AG,AH,AJ,AI,DC,AF,WH
AI,580,95,LASH,AG,AH,AJ,AL,AM,JA
AJ,554,106,LASH,AF,AH,AI,AL,AK
AK,553,129,LASH,AJ,AL,AO
AL,570,137,LASH,AK,AJ,AI,AM,AN,AO
AM,594,131,LASH,AI,AL,AN
AN,589,162,LASH,AM,AL,AO,AP,AQ,BS
AO,564,164,LASH,AK,AL,AN,AP,AS,AT,AX
AP,570,178,LASH,AO,AN,AR,AS,AQ
AQ,595,203,LASH,AR,AZ,AY,AP,AN,BT
AR,574,194,LASH,AP,AQ,AS,AY,AX
AS,551,188,LASH,AX,AR,AP,AO
AT,465,189,LASH,AU,AV,AO,AX,SS
AU,478,200,LASH,AT,AV,AX
AV,476,215,LASH,AU,AT,AW,AX
AW,518,240,LASH,AV,AX,AY,BA
AX,524,208,LASH,AS,AO,AT,AU,AV,AW,AY,AR
AY,552,230,LASH,AX,AR,AQ,AZ,BB,BA,AW
AZ,587,237,LASH,AY,AQ,BB
BA,538,262,LASH,BB,AY,AW,BC,WH,QQ
QQ,543,298,LASH,WH,BA,BB,BC
BB,572,271,LASH,AZ,AY,BA,BJ,QQ
BC,517,311,LASH,BA,BF,BE,BD,QQ
BD,491,316,LASH,BE,BC
BE,501,349,LASH,BD,BC,BF,BG
BF,532,341,LASH,BG,BC,BE
BG,524,372,LASH,BF,BE,BH
WH,535,280,LASH,BA,AH,DC,QQ
BH,612,361,LIVID,BJ,BI,BG
BI,655,367,LIVID,BH,BM,BJ,BK,BL
BJ,633,332,LIVID,BH,BB,BI,BK
BK,674,331,LIVID,BJ,BI,BL,BP,BQ
BL,709,365,LIVID,BN,BM,BO,BP,BK,BI
BM,691,388,LIVID,BI,BL,BN
BN,733,366,LIVID,BO,BM,BL,DP
BO,734,338,LIVID,BP,BN,BL
BP,709,320,LIVID,BO,BL,BK,BQ,BR
BQ,690,279,LIVID,BK,BR,BP,BT,BS
BR,715,268,LIVID,BP,BQ,BS,BU
BS,704,228,LIVID,BR,BQ,BU,BT,AN
BT,687,230,LIVID,BQ,BS,AQ
BU,721,208,LIVID,BS,BR,BV
BV,709,119,JIPPIN,BW,BX,BU
BW,689,95,JIPPIN,BV,BY,BX
BX,726,78,JIPPIN,BY,BV,BW
BY,691,54,JIPPIN,BW,BX
JA,603,43,JIPPIN,JB,AI
JB,557,29,JIPPIN,JA
A1,403,390,FURIOUS,A2,A6
A2,373,381,FURIOUS,A1,A3,A4,A6
A3,344,382,FURIOUS,A2,A4,DT
A4,373,349,FURIOUS,A3,A2,A5,A6
A5,400,332,FURIOUS,CW,A6,A4
A6,401,355,FURIOUS,A1,A2,A4,A5
CW,359,301,FURIOUS,A5,CV,CX,CZ
CX,338,280,FURIOUS,CW,CV,CY,CZ
CY,346,253,FURIOUS,CX,DA,CZ,CV
CV,313,286,FURIOUS,CW,CX,DA,CY,DB
CZ,370,249,FURIOUS,CW,CY,CX,DA
DA,329,233,FURIOUS,CY,CZ,CV,DL
DL,262,206,LOVIN IT,DA,DK,DG
DK,279,194,LOVIN IT,DL,DJ,DG
DJ,268,174,LOVIN IT,DK,DI,DG
DI,307,159,LOVIN IT,DH,DJ,DG
DH,255,146,LOVIN IT,DG,DI
DG,244,169,LOVIN IT,H,DH,DI,DJ,DK,DL,DE
DE,208,240,LOVIN IT,DC,DF,DD,DG
DD,233,251,LOVIN IT,DB,DE,DC
DC,217,256,LOVIN IT,DE,DF,DD,DB,AH,WH
DB,228,271,LOVIN IT,CV,DD,DF,DC
DF,184,260,LOVIN IT,DE,DC,DB,DM
DM,95,331,RAGIN,DF,A,DO,DN
DN,129,349,RAGIN,DM,DO,DQ,DR,DP
DO,94,350,RAGIN,DM,DN,DP
DP,107,384,RAGIN,DO,DN,DR,DS,BN
DS,171,393,RAGIN,DR,DP,DT,DQ
DR,153,376,RAGIN,DS,DP,DQ,DN
DQ,174,350,RAGIN,DN,DT,DR,DS
DT,238,378,RAGIN,DQ,DS,A3
TB,389,154,BEER SLUG,SS
SS,391,164,BEER SLUG,TB,AT