[Map]
image=WorldFlower.bmp
wrap=no
scroll=vertical
author=Clay Richmond

[Continents]
Begonia=2
Cryptopodium=2
Curculigo=2
Dahlia=2
Etlingera=2
Frangipani=2
Gardenias=2
Hibiscus=2
Lily=2
Musas=2
Rhizomes=2
Tulips=2
Waxrose=2
Alpinia=4
Catasetum=4
Encyclia=4
Heliconias=4
Maxillaria=4
Orchids=4
Allamanda=5
Chrysanthemum=5
Delphinium=5
Gingers=5
Lilacs=5
Lotus=5

[Territories]
AlpiniaPetal3,496,34,Alpinia,AlpiniaPetal1,AlpiniaPetal6,AlpiniaPetal4
AlpiniaPetal8,580,34,Alpinia,AlpiniaPetal6,AlpiniaPetal9,AlpiniaPetal11
AlpiniaPetal1,454,58,Alpinia,CatasetumPetal7,AllamandaPetal3,AllamandaPetal7,AlpiniaPetal2,AlpiniaPetal3,AlpiniaPetal4
AlpiniaPetal6,538,58,Alpinia,AlpiniaPetal3,AlpiniaPetal4,AlpiniaPetal7,AlpiniaPetal8,AlpiniaPetal9
AlpiniaPetal11,622,58,Alpinia,AlpiniaPetal8,AlpiniaPetal9,AlpiniaPetal12,LotusPetal6,LotusPetal12,OrchidsPetal3
AlpiniaPetal4,496,82,Alpinia,AlpiniaPetal1,AlpiniaPetal2,AlpiniaPetal3,AlpiniaPetal5,AlpiniaPetal6,AlpiniaPetal7
AlpiniaPetal9,580,82,Alpinia,AlpiniaPetal6,AlpiniaPetal7,AlpiniaPetal8,AlpiniaPetal10,AlpiniaPetal11,AlpiniaPetal12
AlpiniaPetal2,454,106,Alpinia,AllamandaPetal11,AlpiniaPetal1,AllamandaPetal15,AlpiniaPetal4,AlpiniaPetal5
AlpiniaPetal7,538,106,Alpinia,AlpiniaPetal4,AlpiniaPetal5,AlpiniaPetal6,AlpiniaPetal9,AlpiniaPetal10
AlpiniaPetal12,622,106,Alpinia,AlpiniaPetal9,AlpiniaPetal10,AlpiniaPetal11,LotusPetal1,LotusPetal2
AllamandaPetal11,412,130,Allamanda,AllamandaPetal7,AllamandaPetal12,AlpiniaPetal2,AllamandaPetal15
AlpiniaPetal5,496,130,Alpinia,AlpiniaPetal2,AllamandaPetal15,AlpiniaPetal4,AlpiniaPetal7,BegoniaPetal3
AlpiniaPetal10,580,130,Alpinia,AlpiniaPetal7,BegoniaPetal3,AlpiniaPetal9,AlpiniaPetal12,LotusPetal1
LotusPetal2,664,130,Lotus,AlpiniaPetal12,LotusPetal1,LotusPetal3,LotusPetal6
AllamandaPetal7,370,154,Allamanda,AlpiniaPetal1,AllamandaPetal3,CatasetumPetal7,AllamandaPetal11,AllamandaPetal12,AllamandaPetal8
AllamandaPetal15,454,154,Allamanda,AllamandaPetal11,AllamandaPetal12,AlpiniaPetal2,AlpiniaPetal5
LotusPetal1,622,154,Lotus,AlpiniaPetal10,AlpiniaPetal12,LotusPetal2,LotusPetal3
LotusPetal6,706,154,Lotus,AlpiniaPetal11,LotusPetal12,OrchidsPetal3,LotusPetal3,LotusPetal2,LotusPetal7
AllamandaPetal12,412,178,Allamanda,AllamandaPetal7,AllamandaPetal8,AllamandaPetal11,AllamandaPetal13,AllamandaPetal15
LotusPetal3,664,178,Lotus,LotusPetal1,LotusPetal2,LotusPetal4,LotusPetal6,LotusPetal7
AllamandaPetal3,286,202,Allamanda,AlpiniaPetal1,AllamandaPetal7,CatasetumPetal7,AllamandaPetal1,AllamandaPetal5,AllamandaPetal4
AllamandaPetal8,370,202,Allamanda,AllamandaPetal5,AllamandaPetal7,AllamandaPetal9,AllamandaPetal13,AllamandaPetal12
BegoniaPetal3,538,202,Begonia,AlpiniaPetal5,AlpiniaPetal10,BegoniaPetal1,BegoniaPetal6,BegoniaPetal4
LotusPetal7,706,202,Lotus,LotusPetal6,LotusPetal3,LotusPetal4,LotusPetal10,LotusPetal8
LotusPetal12,790,202,Lotus,AlpiniaPetal11,LotusPetal6,OrchidsPetal3,LotusPetal10,LotusPetal14,LotusPetal13
CatasetumPetal7,160,226,Catasetum,AlpiniaPetal1,AllamandaPetal7,AllamandaPetal3,CatasetumPetal3,CatasetumPetal11,CatasetumPetal8
AllamandaPetal1,244,226,Allamanda,AllamandaPetal3,CatasetumPetal11,AllamandaPetal4,AllamandaPetal2
AllamandaPetal5,328,226,Allamanda,AllamandaPetal3,AllamandaPetal8,AllamandaPetal4,AllamandaPetal9,AllamandaPetal6
AllamandaPetal13,412,226,Allamanda,AllamandaPetal12,AllamandaPetal8,AllamandaPetal9,AllamandaPetal14
BegoniaPetal1,496,226,Begonia,BegoniaPetal3,BegoniaPetal4,BegoniaPetal2
BegoniaPetal6,580,226,Begonia,BegoniaPetal3,BegoniaPetal4,BegoniaPetal7
LotusPetal4,664,226,Lotus,LotusPetal3,LotusPetal7,LotusPetal8,LotusPetal5
LotusPetal10,748,226,Lotus,LotusPetal7,LotusPetal12,LotusPetal8,LotusPetal13,LotusPetal11
LotusPetal14,832,226,Lotus,LotusPetal12,LotusPetal13,OrchidsPetal1,LotusPetal15
OrchidsPetal3,916,226,Orchids,AlpiniaPetal11,LotusPetal6,LotusPetal12,OrchidsPetal1,OrchidsPetal7,OrchidsPetal4
CatasetumPetal3,118,250,Catasetum,CatasetumPetal7,CatasetumPetal8,CatasetumPetal4
CatasetumPetal11,202,250,Catasetum,CatasetumPetal7,AllamandaPetal1,CatasetumPetal8,AllamandaPetal2,CatasetumPetal12
AllamandaPetal4,286,250,Allamanda,AllamandaPetal3,AllamandaPetal1,AllamandaPetal5,AllamandaPetal2,AllamandaPetal6
AllamandaPetal9,370,250,Allamanda,AllamandaPetal8,AllamandaPetal5,AllamandaPetal13,AllamandaPetal6,AllamandaPetal14,AllamandaPetal10
BegoniaPetal4,538,250,Begonia,BegoniaPetal3,BegoniaPetal1,BegoniaPetal6,BegoniaPetal2,BegoniaPetal7,BegoniaPetal5
LotusPetal8,706,250,Lotus,LotusPetal7,LotusPetal4,LotusPetal10,LotusPetal5,LotusPetal11,LotusPetal9
LotusPetal13,790,250,Lotus,LotusPetal12,LotusPetal10,LotusPetal14,LotusPetal11,LotusPetal15
OrchidsPetal1,874,250,Orchids,LotusPetal14,OrchidsPetal3,LotusPetal15,OrchidsPetal4,OrchidsPetal2
OrchidsPetal7,958,250,Orchids,OrchidsPetal3,OrchidsPetal4,OrchidsPetal8
CatasetumPetal8,160,274,Catasetum,CatasetumPetal7,CatasetumPetal3,CatasetumPetal11,CatasetumPetal4,CatasetumPetal12,CatasetumPetal9
AllamandaPetal2,244,274,Allamanda,AllamandaPetal1,CatasetumPetal11,AllamandaPetal4,CatasetumPetal12
AllamandaPetal6,328,274,Allamanda,AllamandaPetal5,AllamandaPetal4,AllamandaPetal9,AllamandaPetal10
AllamandaPetal14,412,274,Allamanda,AllamandaPetal13,AllamandaPetal9,AllamandaPetal10,BegoniaPetal2,CurculigoPetal3
BegoniaPetal2,496,274,Begonia,BegoniaPetal1,BegoniaPetal4,AllamandaPetal14,BegoniaPetal5,CurculigoPetal3
BegoniaPetal7,580,274,Begonia,BegoniaPetal6,BegoniaPetal4,LotusPetal5,BegoniaPetal5,DahliaPetal3
LotusPetal5,664,274,Lotus,LotusPetal4,LotusPetal8,BegoniaPetal7,LotusPetal9,DahliaPetal3
LotusPetal11,748,274,Lotus,LotusPetal10,LotusPetal8,LotusPetal13,LotusPetal9
LotusPetal15,832,274,Lotus,LotusPetal14,LotusPetal13,OrchidsPetal1,OrchidsPetal2
OrchidsPetal4,916,274,Orchids,OrchidsPetal3,OrchidsPetal1,OrchidsPetal7,OrchidsPetal2,OrchidsPetal8,OrchidsPetal5
CatasetumPetal4,118,298,Catasetum,CatasetumPetal3,CatasetumPetal8,CatasetumPetal1,CatasetumPetal9,CatasetumPetal5
CatasetumPetal12,202,298,Catasetum,CatasetumPetal11,CatasetumPetal8,AllamandaPetal2,CatasetumPetal9,CryptopodiumPetal1
AllamandaPetal10,370,298,Allamanda,AllamandaPetal9,AllamandaPetal6,AllamandaPetal14,CryptopodiumPetal6,CurculigoPetal1
BegoniaPetal5,538,298,Begonia,BegoniaPetal4,BegoniaPetal2,BegoniaPetal7
LotusPetal9,706,298,Lotus,LotusPetal8,LotusPetal5,LotusPetal11,DahliaPetal6,EtlingeraPetal1
OrchidsPetal2,874,298,Orchids,OrchidsPetal1,LotusPetal15,OrchidsPetal4,OrchidsPetal5,EtlingeraPetal6
OrchidsPetal8,958,298,Orchids,OrchidsPetal7,OrchidsPetal4,OrchidsPetal5,OrchidsPetal11,OrchidsPetal9
CatasetumPetal1,76,322,Catasetum,CatasetumPetal4,CatasetumPetal5,CatasetumPetal2
OrchidsPetal5,916,322,Orchids,OrchidsPetal4,OrchidsPetal2,OrchidsPetal8,OrchidsPetal9,OrchidsPetal6
OrchidsPetal11,1000,322,Orchids,OrchidsPetal8,OrchidsPetal9,OrchidsPetal12
CatasetumPetal9,160,322,Catasetum,CatasetumPetal8,CatasetumPetal4,CatasetumPetal12,CatasetumPetal5,CatasetumPetal10
CurculigoPetal3,454,346,Curculigo,AllamandaPetal14,BegoniaPetal2,CurculigoPetal6,CurculigoPetal1,CurculigoPetal4
DahliaPetal3,622,346,Dahlia,BegoniaPetal7,LotusPetal5,DahliaPetal1,DahliaPetal6,DahliaPetal4
EtlingeraPetal3,790,346,Etlingera,EtlingeraPetal1,EtlingeraPetal6,EtlingeraPetal4
CatasetumPetal5,118,346,Catasetum,CatasetumPetal4,CatasetumPetal1,CatasetumPetal9,CatasetumPetal2,CatasetumPetal10,CatasetumPetal6
OrchidsPetal9,958,346,Orchids,OrchidsPetal8,OrchidsPetal5,OrchidsPetal11,OrchidsPetal6,OrchidsPetal12,OrchidsPetal10
CryptopodiumPetal3,286,346,Cryptopodium,CryptopodiumPetal1,CryptopodiumPetal6,CryptopodiumPetal4
CatasetumPetal2,76,370,Catasetum,CatasetumPetal1,CatasetumPetal5,CatasetumPetal6,ChrysanthemumPetal2,ChrysanthemumPetal3,EncycliaPetal1
CurculigoPetal6,496,370,Curculigo,CurculigoPetal3,CurculigoPetal4,CurculigoPetal7
DahliaPetal1,580,370,Dahlia,DahliaPetal3,DahliaPetal4,DahliaPetal2
DahliaPetal6,664,370,Dahlia,LotusPetal9,DahliaPetal3,EtlingeraPetal1,DahliaPetal4,DahliaPetal7
EtlingeraPetal1,748,370,Etlingera,LotusPetal9,EtlingeraPetal3,DahliaPetal6,EtlingeraPetal4,EtlingeraPetal2
EtlingeraPetal6,832,370,Etlingera,OrchidsPetal2,EtlingeraPetal3,OrchidsPetal6,EtlingeraPetal4,EtlingeraPetal7
OrchidsPetal6,916,370,Orchids,OrchidsPetal5,OrchidsPetal9,EtlingeraPetal6,OrchidsPetal10,LilacsPetal6
OrchidsPetal12,1000,370,Orchids,OrchidsPetal11,OrchidsPetal9,OrchidsPetal10,LilacsPetal13,LilacsPetal14,MaxillariaPetal11
CatasetumPetal10,160,370,Catasetum,CatasetumPetal9,CatasetumPetal5,CryptopodiumPetal1,CatasetumPetal6,ChrysanthemumPetal5
CryptopodiumPetal1,244,370,Cryptopodium,CatasetumPetal12,CryptopodiumPetal3,CatasetumPetal10,CryptopodiumPetal4,CryptopodiumPetal2
CryptopodiumPetal6,328,370,Cryptopodium,AllamandaPetal10,CryptopodiumPetal3,CurculigoPetal1,CryptopodiumPetal4,CryptopodiumPetal7
CurculigoPetal1,412,370,Curculigo,AllamandaPetal10,CurculigoPetal3,CryptopodiumPetal6,CurculigoPetal4,CurculigoPetal2
CurculigoPetal4,454,394,Curculigo,CurculigoPetal3,CurculigoPetal6,CurculigoPetal1,CurculigoPetal7,CurculigoPetal2,CurculigoPetal5
DahliaPetal4,622,394,Dahlia,DahliaPetal3,DahliaPetal1,DahliaPetal6,DahliaPetal2,DahliaPetal7,DahliaPetal5
EtlingeraPetal4,790,394,Etlingera,EtlingeraPetal3,EtlingeraPetal1,EtlingeraPetal6,EtlingeraPetal2,EtlingeraPetal7,EtlingeraPetal5
CatasetumPetal6,118,394,Catasetum,CatasetumPetal5,CatasetumPetal2,CatasetumPetal10,ChrysanthemumPetal5,ChrysanthemumPetal1
OrchidsPetal10,958,394,Orchids,OrchidsPetal9,OrchidsPetal6,OrchidsPetal12,LilacsPetal6,LilacsPetal12
CryptopodiumPetal4,286,394,Cryptopodium,CryptopodiumPetal3,CryptopodiumPetal1,CryptopodiumPetal6,CryptopodiumPetal2,CryptopodiumPetal7,CryptopodiumPetal5
CurculigoPetal7,496,418,Curculigo,CurculigoPetal6,CurculigoPetal4,CurculigoPetal5,DahliaPetal2,GardeniasPetal3
DahliaPetal2,580,418,Dahlia,DahliaPetal1,DahliaPetal4,DahliaPetal5,CurculigoPetal7,GardeniasPetal3
DahliaPetal7,664,418,Dahlia,DahliaPetal6,DahliaPetal4,DahliaPetal5
EtlingeraPetal2,748,418,Etlingera,EtlingeraPetal1,EtlingeraPetal4,EtlingeraPetal5
EtlingeraPetal7,832,418,Etlingera,EtlingeraPetal6,EtlingeraPetal4,EtlingeraPetal5
LilacsPetal6,916,418,Lilacs,OrchidsPetal6,OrchidsPetal10,LilacsPetal12,LilacsPetal7
ChrysanthemumPetal5,160,418,Chrysanthemum,CatasetumPetal10,CatasetumPetal6,ChrysanthemumPetal1,ChrysanthemumPetal6
CryptopodiumPetal2,244,418,Cryptopodium,CryptopodiumPetal1,CryptopodiumPetal4,CryptopodiumPetal5
CryptopodiumPetal7,328,418,Cryptopodium,CryptopodiumPetal6,CryptopodiumPetal4,CryptopodiumPetal5
CurculigoPetal2,412,418,Curculigo,CurculigoPetal1,CurculigoPetal4,CurculigoPetal5
CurculigoPetal5,454,442,Curculigo,CurculigoPetal4,CurculigoPetal7,CurculigoPetal2,GardeniasPetal1,FrangipaniPetal6
DahliaPetal5,622,442,Dahlia,DahliaPetal4,DahliaPetal2,DahliaPetal7,GardeniasPetal6,HibiscusPetal1
EtlingeraPetal5,790,442,Etlingera,EtlingeraPetal4,EtlingeraPetal2,EtlingeraPetal7,HibiscusPetal6,LilacsPetal1
ChrysanthemumPetal1,118,442,Chrysanthemum,CatasetumPetal6,ChrysanthemumPetal5,ChrysanthemumPetal6,ChrysanthemumPetal2
LilacsPetal12,958,442,Lilacs,OrchidsPetal10,LilacsPetal6,LilacsPetal7,LilacsPetal13
CryptopodiumPetal5,286,442,Cryptopodium,CryptopodiumPetal4,CryptopodiumPetal2,CryptopodiumPetal7,ChrysanthemumPetal14,FrangipaniPetal1
LilacsPetal7,916,466,Lilacs,LilacsPetal6,LilacsPetal12,LilacsPetal3,LilacsPetal13,LilacsPetal8
ChrysanthemumPetal6,160,466,Chrysanthemum,ChrysanthemumPetal5,ChrysanthemumPetal1,ChrysanthemumPetal2,ChrysanthemumPetal11,ChrysanthemumPetal7
GardeniasPetal3,538,490,Gardenias,CurculigoPetal7,DahliaPetal2,GardeniasPetal1,GardeniasPetal6,GardeniasPetal4
HibiscusPetal3,706,490,Hibiscus,HibiscusPetal1,HibiscusPetal6,HibiscusPetal4
ChrysanthemumPetal2,118,490,Chrysanthemum,CatasetumPetal2,ChrysanthemumPetal1,ChrysanthemumPetal6,ChrysanthemumPetal7,ChrysanthemumPetal3,EncycliaPetal1
LilacsPetal3,874,490,Lilacs,LilacsPetal7,LilacsPetal1,LilacsPetal8,LilacsPetal4
LilacsPetal13,958,490,Lilacs,OrchidsPetal12,LilacsPetal12,LilacsPetal7,LilacsPetal8,LilacsPetal14,MaxillariaPetal11
ChrysanthemumPetal11,202,490,Chrysanthemum,ChrysanthemumPetal6,ChrysanthemumPetal7,ChrysanthemumPetal14,ChrysanthemumPetal12
FrangipaniPetal3,370,490,Frangipani,FrangipaniPetal1,FrangipaniPetal6,FrangipaniPetal4
GardeniasPetal1,496,514,Gardenias,CurculigoPetal5,GardeniasPetal3,FrangipaniPetal6,GardeniasPetal4,GardeniasPetal2
GardeniasPetal6,580,514,Gardenias,DahliaPetal5,GardeniasPetal3,HibiscusPetal1,GardeniasPetal4,GardeniasPetal7
HibiscusPetal1,664,514,Hibiscus,DahliaPetal5,HibiscusPetal3,GardeniasPetal6,HibiscusPetal4,HibiscusPetal2
HibiscusPetal6,748,514,Hibiscus,EtlingeraPetal5,HibiscusPetal3,LilacsPetal1,HibiscusPetal4,HibiscusPetal7
LilacsPetal1,832,514,Lilacs,EtlingeraPetal5,LilacsPetal3,HibiscusPetal6,LilacsPetal4,LilacsPetal2
LilacsPetal8,916,514,Lilacs,LilacsPetal7,LilacsPetal3,LilacsPetal13,LilacsPetal4,LilacsPetal9
ChrysanthemumPetal7,160,514,Chrysanthemum,ChrysanthemumPetal6,ChrysanthemumPetal2,ChrysanthemumPetal11,ChrysanthemumPetal12,ChrysanthemumPetal8
ChrysanthemumPetal14,244,514,Chrysanthemum,CryptopodiumPetal5,ChrysanthemumPetal11,FrangipaniPetal1,ChrysanthemumPetal12,ChrysanthemumPetal15
FrangipaniPetal1,328,514,Frangipani,CryptopodiumPetal5,FrangipaniPetal3,ChrysanthemumPetal14,FrangipaniPetal4,FrangipaniPetal2
FrangipaniPetal6,412,514,Frangipani,CurculigoPetal5,FrangipaniPetal3,GardeniasPetal1,FrangipaniPetal4,FrangipaniPetal7
GardeniasPetal4,538,538,Gardenias,GardeniasPetal3,GardeniasPetal1,GardeniasPetal6,GardeniasPetal2,GardeniasPetal7,GardeniasPetal5
HibiscusPetal4,706,538,Hibiscus,HibiscusPetal3,HibiscusPetal1,HibiscusPetal6,HibiscusPetal2,HibiscusPetal7,HibiscusPetal5
LilacsPetal4,874,538,Lilacs,LilacsPetal3,LilacsPetal1,LilacsPetal8,LilacsPetal2,LilacsPetal9,LilacsPetal5
ChrysanthemumPetal12,202,538,Chrysanthemum,ChrysanthemumPetal11,ChrysanthemumPetal7,ChrysanthemumPetal14,ChrysanthemumPetal8,ChrysanthemumPetal15,ChrysanthemumPetal13
FrangipaniPetal4,370,538,Frangipani,FrangipaniPetal3,FrangipaniPetal1,FrangipaniPetal6,FrangipaniPetal2,FrangipaniPetal7,FrangipaniPetal5
GardeniasPetal2,496,562,Gardenias,GardeniasPetal1,GardeniasPetal4,FrangipaniPetal7,GardeniasPetal5,MusasPetal3
GardeniasPetal7,580,562,Gardenias,GardeniasPetal6,GardeniasPetal4,HibiscusPetal2,GardeniasPetal5,RhizomesPetal3
HibiscusPetal2,664,562,Hibiscus,HibiscusPetal1,HibiscusPetal4,GardeniasPetal7,HibiscusPetal5,RhizomesPetal3
HibiscusPetal7,748,562,Hibiscus,HibiscusPetal6,HibiscusPetal4,LilacsPetal2,HibiscusPetal5,TulipsPetal3
LilacsPetal2,832,562,Lilacs,LilacsPetal1,LilacsPetal4,HibiscusPetal7,LilacsPetal5,TulipsPetal3
LilacsPetal9,916,562,Lilacs,LilacsPetal8,LilacsPetal4,LilacsPetal5,LilacsPetal14,LilacsPetal10
ChrysanthemumPetal8,160,562,Chrysanthemum,ChrysanthemumPetal7,ChrysanthemumPetal12,ChrysanthemumPetal3,ChrysanthemumPetal13,ChrysanthemumPetal9
ChrysanthemumPetal15,244,562,Chrysanthemum,ChrysanthemumPetal14,ChrysanthemumPetal12,FrangipaniPetal2,ChrysanthemumPetal13,LilyPetal3
FrangipaniPetal2,328,562,Frangipani,FrangipaniPetal1,FrangipaniPetal4,ChrysanthemumPetal15,FrangipaniPetal5,LilyPetal3
FrangipaniPetal7,412,562,Frangipani,FrangipaniPetal6,FrangipaniPetal4,GardeniasPetal2,FrangipaniPetal5,MusasPetal3
GardeniasPetal5,538,586,Gardenias,GardeniasPetal4,GardeniasPetal2,GardeniasPetal7,MusasPetal6,RhizomesPetal1
HibiscusPetal5,706,586,Hibiscus,HibiscusPetal4,HibiscusPetal2,HibiscusPetal7
ChrysanthemumPetal3,118,586,Chrysanthemum,CatasetumPetal2,ChrysanthemumPetal2,ChrysanthemumPetal8,ChrysanthemumPetal9,ChrysanthemumPetal4,EncycliaPetal1
LilacsPetal5,874,586,Lilacs,LilacsPetal4,LilacsPetal2,LilacsPetal9,LilacsPetal10
LilacsPetal14,958,586,Lilacs,OrchidsPetal12,LilacsPetal13,LilacsPetal9,LilacsPetal10,LilacsPetal15,MaxillariaPetal11
ChrysanthemumPetal13,202,586,Chrysanthemum,ChrysanthemumPetal12,ChrysanthemumPetal8,ChrysanthemumPetal15,ChrysanthemumPetal9
FrangipaniPetal5,370,586,Frangipani,FrangipaniPetal4,FrangipaniPetal2,FrangipaniPetal7
LilacsPetal10,916,610,Lilacs,LilacsPetal9,LilacsPetal5,LilacsPetal14,LilacsPetal15,LilacsPetal11
ChrysanthemumPetal9,160,610,Chrysanthemum,ChrysanthemumPetal8,ChrysanthemumPetal3,ChrysanthemumPetal13,ChrysanthemumPetal4,ChrysanthemumPetal10
MusasPetal3,454,634,Musas,FrangipaniPetal7,GardeniasPetal2,MusasPetal6,MusasPetal1,MusasPetal4
RhizomesPetal3,622,634,Rhizomes,GardeniasPetal7,HibiscusPetal2,RhizomesPetal1,RhizomesPetal6,RhizomesPetal4
TulipsPetal3,790,634,Tulips,HibiscusPetal7,LilacsPetal2,TulipsPetal1,TulipsPetal6,TulipsPetal4
ChrysanthemumPetal4,118,634,Chrysanthemum,ChrysanthemumPetal3,ChrysanthemumPetal9,ChrysanthemumPetal10,EncycliaPetal3
LilacsPetal15,958,634,Lilacs,LilacsPetal14,LilacsPetal10,LilacsPetal11,MaxillariaPetal7
LilyPetal3,286,634,Lily,ChrysanthemumPetal15,FrangipaniPetal2,LilyPetal1,LilyPetal6,LilyPetal4
MusasPetal6,496,658,Musas,GardeniasPetal5,MusasPetal3,RhizomesPetal1,MusasPetal4,MusasPetal7
RhizomesPetal1,580,658,Rhizomes,GardeniasPetal5,RhizomesPetal3,MusasPetal6,RhizomesPetal4,RhizomesPetal2
RhizomesPetal6,664,658,Rhizomes,RhizomesPetal3,RhizomesPetal4,RhizomesPetal7
TulipsPetal1,748,658,Tulips,TulipsPetal3,TulipsPetal4,TulipsPetal2
TulipsPetal6,832,658,Tulips,TulipsPetal3,TulipsPetal4,TulipsPetal7
LilacsPetal11,916,658,Lilacs,LilacsPetal10,LilacsPetal15,MaxillariaPetal7,MaxillariaPetal3
ChrysanthemumPetal10,160,658,Chrysanthemum,ChrysanthemumPetal9,ChrysanthemumPetal4,EncycliaPetal3,EncycliaPetal7
LilyPetal1,244,658,Lily,LilyPetal3,LilyPetal4,LilyPetal2
LilyPetal6,328,658,Lily,LilyPetal3,LilyPetal4,LilyPetal7
MusasPetal1,412,658,Musas,MusasPetal3,MusasPetal4,MusasPetal2
MusasPetal4,454,682,Musas,MusasPetal3,MusasPetal6,MusasPetal1,MusasPetal7,MusasPetal2,MusasPetal5
RhizomesPetal4,622,682,Rhizomes,RhizomesPetal3,RhizomesPetal1,RhizomesPetal6,RhizomesPetal2,RhizomesPetal7,RhizomesPetal5
TulipsPetal4,790,682,Tulips,TulipsPetal3,TulipsPetal1,TulipsPetal6,TulipsPetal2,TulipsPetal7,TulipsPetal5
EncycliaPetal3,118,682,Encyclia,ChrysanthemumPetal4,ChrysanthemumPetal10,EncycliaPetal1,EncycliaPetal7,EncycliaPetal4
MaxillariaPetal7,958,682,Maxillaria,LilacsPetal15,LilacsPetal11,MaxillariaPetal3,MaxillariaPetal11,MaxillariaPetal8
LilyPetal4,286,682,Lily,LilyPetal3,LilyPetal1,LilyPetal6,LilyPetal2,LilyPetal7,LilyPetal5
EncycliaPetal1,76,706,Encyclia,CatasetumPetal2,ChrysanthemumPetal2,ChrysanthemumPetal3,EncycliaPetal3,EncycliaPetal4,EncycliaPetal2
MusasPetal7,496,706,Musas,MusasPetal6,MusasPetal4,MusasPetal5
RhizomesPetal2,580,706,Rhizomes,RhizomesPetal1,RhizomesPetal4,RhizomesPetal5
RhizomesPetal7,664,706,Rhizomes,RhizomesPetal6,RhizomesPetal4,RhizomesPetal5,TulipsPetal2,GingersPetal6
TulipsPetal2,748,706,Tulips,TulipsPetal1,TulipsPetal4,TulipsPetal5,RhizomesPetal7,GingersPetal6
TulipsPetal7,832,706,Tulips,TulipsPetal6,TulipsPetal4,TulipsPetal5,MaxillariaPetal3,MaxillariaPetal1
MaxillariaPetal3,916,706,Maxillaria,LilacsPetal11,MaxillariaPetal7,TulipsPetal7,MaxillariaPetal8,MaxillariaPetal4
MaxillariaPetal11,1000,706,Maxillaria,OrchidsPetal12,LilacsPetal13,LilacsPetal14,MaxillariaPetal7,MaxillariaPetal8,MaxillariaPetal12
EncycliaPetal7,160,706,Encyclia,ChrysanthemumPetal10,EncycliaPetal3,LilyPetal2,EncycliaPetal4,EncycliaPetal8
LilyPetal2,244,706,Lily,LilyPetal1,LilyPetal4,EncycliaPetal7,LilyPetal5,EncycliaPetal11
LilyPetal7,328,706,Lily,LilyPetal6,LilyPetal4,MusasPetal2,LilyPetal5,DelphiniumPetal7
MusasPetal2,412,706,Musas,MusasPetal1,MusasPetal4,LilyPetal7,MusasPetal5,DelphiniumPetal7
MusasPetal5,454,730,Musas,MusasPetal4,MusasPetal7,MusasPetal2,WaxrosePetal1,DelphiniumPetal11
RhizomesPetal5,622,730,Rhizomes,RhizomesPetal4,RhizomesPetal2,RhizomesPetal7,WaxrosePetal6,GingersPetal2
TulipsPetal5,790,730,Tulips,TulipsPetal4,TulipsPetal2,TulipsPetal7
EncycliaPetal4,118,730,Encyclia,EncycliaPetal3,EncycliaPetal1,EncycliaPetal7,EncycliaPetal2,EncycliaPetal8,EncycliaPetal5
MaxillariaPetal8,958,730,Maxillaria,MaxillariaPetal7,MaxillariaPetal3,MaxillariaPetal11,MaxillariaPetal4,MaxillariaPetal12,MaxillariaPetal9
LilyPetal5,286,730,Lily,LilyPetal4,LilyPetal2,LilyPetal7
EncycliaPetal2,76,754,Encyclia,EncycliaPetal1,EncycliaPetal4,EncycliaPetal5
MaxillariaPetal4,916,754,Maxillaria,MaxillariaPetal3,MaxillariaPetal8,MaxillariaPetal9,MaxillariaPetal1,MaxillariaPetal5
MaxillariaPetal12,1000,754,Maxillaria,MaxillariaPetal11,MaxillariaPetal8,MaxillariaPetal9
EncycliaPetal8,160,754,Encyclia,EncycliaPetal7,EncycliaPetal4,EncycliaPetal5,EncycliaPetal11,EncycliaPetal9
WaxrosePetal3,538,778,Waxrose,WaxrosePetal1,WaxrosePetal6,WaxrosePetal4
GingersPetal6,706,778,Gingers,RhizomesPetal7,TulipsPetal2,GingersPetal2,GingersPetal10,GingersPetal7
EncycliaPetal5,118,778,Encyclia,EncycliaPetal4,EncycliaPetal2,EncycliaPetal8,EncycliaPetal9,EncycliaPetal6
MaxillariaPetal1,874,778,Maxillaria,TulipsPetal7,MaxillariaPetal4,GingersPetal14,MaxillariaPetal5,MaxillariaPetal2
MaxillariaPetal9,958,778,Maxillaria,MaxillariaPetal8,MaxillariaPetal4,MaxillariaPetal12,MaxillariaPetal5,MaxillariaPetal10
EncycliaPetal11,202,778,Encyclia,LilyPetal2,EncycliaPetal8,EncycliaPetal9,DelphiniumPetal1,EncycliaPetal12
DelphiniumPetal7,370,778,Delphinium,LilyPetal7,MusasPetal2,DelphiniumPetal5,DelphiniumPetal11,DelphiniumPetal8
WaxrosePetal1,496,802,Waxrose,MusasPetal5,WaxrosePetal3,DelphiniumPetal11,WaxrosePetal4,WaxrosePetal2
WaxrosePetal6,580,802,Waxrose,RhizomesPetal5,WaxrosePetal3,GingersPetal2,WaxrosePetal4,WaxrosePetal7
GingersPetal2,664,802,Gingers,RhizomesPetal5,GingersPetal6,WaxrosePetal6,GingersPetal7,GingersPetal3
GingersPetal10,748,802,Gingers,GingersPetal6,GingersPetal7,GingersPetal12,GingersPetal11
GingersPetal14,832,802,Gingers,MaxillariaPetal1,MaxillariaPetal2,GingersPetal12,GingersPetal15
MaxillariaPetal5,916,802,Maxillaria,MaxillariaPetal4,MaxillariaPetal1,MaxillariaPetal9,MaxillariaPetal2,MaxillariaPetal10,MaxillariaPetal6
EncycliaPetal9,160,802,Encyclia,EncycliaPetal8,EncycliaPetal5,EncycliaPetal11,EncycliaPetal6,EncycliaPetal12,EncycliaPetal10
DelphiniumPetal1,244,802,Delphinium,EncycliaPetal11,EncycliaPetal12,DelphiniumPetal3,DelphiniumPetal2
DelphiniumPetal5,328,802,Delphinium,DelphiniumPetal7,DelphiniumPetal3,DelphiniumPetal8,DelphiniumPetal6
DelphiniumPetal11,412,802,Delphinium,MusasPetal5,DelphiniumPetal7,WaxrosePetal1,DelphiniumPetal8,DelphiniumPetal12
WaxrosePetal4,538,826,Waxrose,WaxrosePetal3,WaxrosePetal1,WaxrosePetal6,WaxrosePetal2,WaxrosePetal7,WaxrosePetal5
GingersPetal7,706,826,Gingers,GingersPetal6,GingersPetal2,GingersPetal10,GingersPetal3,GingersPetal11,GingersPetal8
GingersPetal12,790,826,Gingers,GingersPetal10,GingersPetal14,GingersPetal11,GingersPetal15,GingersPetal13
EncycliaPetal6,118,826,Encyclia,EncycliaPetal5,EncycliaPetal9,EncycliaPetal10
MaxillariaPetal2,874,826,Maxillaria,MaxillariaPetal1,GingersPetal14,MaxillariaPetal5,GingersPetal15,MaxillariaPetal6
MaxillariaPetal10,958,826,Maxillaria,MaxillariaPetal9,MaxillariaPetal5,MaxillariaPetal6
EncycliaPetal12,202,826,Encyclia,EncycliaPetal11,EncycliaPetal9,DelphiniumPetal1,EncycliaPetal10,DelphiniumPetal2
DelphiniumPetal3,286,826,Delphinium,DelphiniumPetal1,DelphiniumPetal5,DelphiniumPetal2,DelphiniumPetal6,DelphiniumPetal4
DelphiniumPetal8,370,826,Delphinium,DelphiniumPetal7,DelphiniumPetal5,DelphiniumPetal11,DelphiniumPetal6,DelphiniumPetal12,DelphiniumPetal9
WaxrosePetal2,496,850,Waxrose,WaxrosePetal1,WaxrosePetal4,WaxrosePetal5
WaxrosePetal7,580,850,Waxrose,WaxrosePetal6,WaxrosePetal4,WaxrosePetal5
GingersPetal3,664,850,Gingers,GingersPetal2,GingersPetal7,GingersPetal8,GingersPetal4
GingersPetal11,748,850,Gingers,GingersPetal10,GingersPetal7,GingersPetal8,GingersPetal13,GingersPetal12
GingersPetal15,832,850,Gingers,GingersPetal14,GingersPetal12,MaxillariaPetal2,GingersPetal13
MaxillariaPetal6,916,850,Maxillaria,MaxillariaPetal5,MaxillariaPetal2,MaxillariaPetal10,GingersPetal13,GingersPetal9,HeliconiasPetal12
EncycliaPetal10,160,850,Encyclia,EncycliaPetal9,EncycliaPetal6,EncycliaPetal12,DelphiniumPetal4,DelphiniumPetal10,HeliconiasPetal2
DelphiniumPetal2,244,850,Delphinium,DelphiniumPetal1,EncycliaPetal12,DelphiniumPetal3,DelphiniumPetal4
DelphiniumPetal6,328,850,Delphinium,DelphiniumPetal5,DelphiniumPetal3,DelphiniumPetal8,DelphiniumPetal4,DelphiniumPetal9
DelphiniumPetal12,412,850,Delphinium,DelphiniumPetal11,DelphiniumPetal8,DelphiniumPetal9,DelphiniumPetal13
WaxrosePetal5,538,874,Waxrose,WaxrosePetal4,WaxrosePetal2,WaxrosePetal7,HeliconiasPetal3,HeliconiasPetal8
GingersPetal8,706,874,Gingers,GingersPetal7,GingersPetal3,GingersPetal11,GingersPetal4,GingersPetal9
GingersPetal13,790,874,Gingers,GingersPetal12,GingersPetal11,GingersPetal15,MaxillariaPetal6,GingersPetal9,HeliconiasPetal12
DelphiniumPetal4,286,874,Delphinium,DelphiniumPetal3,DelphiniumPetal2,DelphiniumPetal6,EncycliaPetal10,DelphiniumPetal10,HeliconiasPetal2
DelphiniumPetal9,370,874,Delphinium,DelphiniumPetal8,DelphiniumPetal6,DelphiniumPetal12,DelphiniumPetal13,DelphiniumPetal10
GingersPetal4,664,898,Gingers,GingersPetal3,GingersPetal8,GingersPetal1,GingersPetal9,GingersPetal5
DelphiniumPetal13,412,898,Delphinium,DelphiniumPetal12,DelphiniumPetal9,DelphiniumPetal10,DelphiniumPetal15,DelphiniumPetal14
DelphiniumPetal15,454,922,Delphinium,DelphiniumPetal13,HeliconiasPetal3,DelphiniumPetal14,HeliconiasPetal1
GingersPetal1,622,922,Gingers,GingersPetal4,HeliconiasPetal8,GingersPetal5,HeliconiasPetal11
GingersPetal9,706,922,Gingers,MaxillariaPetal6,GingersPetal13,GingersPetal8,GingersPetal4,GingersPetal5,HeliconiasPetal12
DelphiniumPetal10,370,922,Delphinium,EncycliaPetal10,DelphiniumPetal4,DelphiniumPetal9,DelphiniumPetal13,DelphiniumPetal14,HeliconiasPetal2
HeliconiasPetal3,496,946,Heliconias,WaxrosePetal5,DelphiniumPetal15,HeliconiasPetal1,HeliconiasPetal6,HeliconiasPetal4
HeliconiasPetal8,580,946,Heliconias,WaxrosePetal5,GingersPetal1,HeliconiasPetal6,HeliconiasPetal11,HeliconiasPetal9
GingersPetal5,664,946,Gingers,GingersPetal4,GingersPetal1,GingersPetal9,HeliconiasPetal11
DelphiniumPetal14,412,946,Delphinium,DelphiniumPetal13,DelphiniumPetal10,DelphiniumPetal15,HeliconiasPetal1
HeliconiasPetal1,454,970,Heliconias,DelphiniumPetal15,HeliconiasPetal3,DelphiniumPetal14,HeliconiasPetal4,HeliconiasPetal2
HeliconiasPetal6,538,970,Heliconias,HeliconiasPetal3,HeliconiasPetal8,HeliconiasPetal4,HeliconiasPetal9,HeliconiasPetal7
HeliconiasPetal11,622,970,Heliconias,GingersPetal1,HeliconiasPetal8,GingersPetal5,HeliconiasPetal9,HeliconiasPetal12
HeliconiasPetal4,496,994,Heliconias,HeliconiasPetal3,HeliconiasPetal1,HeliconiasPetal6,HeliconiasPetal2,HeliconiasPetal7,HeliconiasPetal5
HeliconiasPetal9,580,994,Heliconias,HeliconiasPetal8,HeliconiasPetal6,HeliconiasPetal11,HeliconiasPetal7,HeliconiasPetal12,HeliconiasPetal10
HeliconiasPetal2,454,1018,Heliconias,EncycliaPetal10,DelphiniumPetal4,DelphiniumPetal10,HeliconiasPetal1,HeliconiasPetal4,HeliconiasPetal5
HeliconiasPetal7,538,1018,Heliconias,HeliconiasPetal6,HeliconiasPetal4,HeliconiasPetal9,HeliconiasPetal5,HeliconiasPetal10
HeliconiasPetal12,622,1018,Heliconias,MaxillariaPetal6,GingersPetal13,GingersPetal9,HeliconiasPetal11,HeliconiasPetal9,HeliconiasPetal10
HeliconiasPetal5,496,1042,Heliconias,HeliconiasPetal4,HeliconiasPetal2,HeliconiasPetal7
HeliconiasPetal10,580,1042,Heliconias,HeliconiasPetal9,HeliconiasPetal7,HeliconiasPetal12
