[Map]
author=Mahks
image=mimosa.bmp
wrap=no
scroll=none
warn=yes

[Continents]
NW3=2
NE3=2
SW3=2
SE3=2
North4=3
South4=3
West4=3
East4=3
NW5=5
NE5=5
SW5=5
SE5=5
Center=10

[Territories]
Territory01,90,59,NW3,Territory03,Territory02
Territory02,69,99,NW3,Territory01,Territory03
Territory03,116,98,NW3,Territory01,Territory02,Territory29
Territory04,692,57,NE3,Territory05,Territory06
Territory05,713,100,NE3,Territory04,Territory06
Territory06,667,98,NE3,Territory04,Territory05,Territory35
Territory07,68,621,SW3,Territory09,Territory08
Territory08,113,620,SW3,Territory07,Territory09,Territory43
Territory09,95,661,SW3,Territory07,Territory08
Territory10,668,623,SE3,Territory11,Territory12,Territory46
Territory11,717,624,SE3,Territory12,Territory10
Territory12,693,662,SE3,Territory11,Territory10
Territory13,389,69,North4,Territory15,Territory14
Territory14,346,110,North4,Territory30,Territory13,Territory16
Territory15,440,111,North4,Territory34,Territory13,Territory16
Territory16,390,151,North4,Territory15,Territory14
Territory17,350,610,South4,Territory42,Territory18,Territory20
Territory18,392,572,South4,Territory17,Territory19
Territory19,438,612,South4,Territory47,Territory18,Territory20
Territory20,391,654,South4,Territory17,Territory19
Territory21,94,360,West4,Territory22,Territory24
Territory22,140,323,West4,Territory33,Territory21,Territory23
Territory23,185,363,West4,Territory22,Territory24
Territory24,142,406,West4,Territory23,Territory21,Territory39
Territory25,638,320,East4,Territory26,Territory28,Territory36
Territory26,687,361,East4,Territory27,Territory25
Territory27,643,402,East4,Territory45,Territory28,Territory26
Territory28,596,359,East4,Territory27,Territory25
Territory29,177,144,NW5,Territory03,Territory30,Territory33
Territory30,245,135,NW5,Territory29,Territory14,Territory31
Territory31,278,199,NW5,Territory30,Territory50,Territory32
Territory32,226,246,NW5,Territory31,Territory57,Territory33
Territory33,157,216,NW5,Territory29,Territory32,Territory22
Territory34,539,132,NE5,Territory15,Territory38,Territory35
Territory35,605,145,NE5,Territory06,Territory34,Territory36
Territory36,627,216,NE5,Territory25,Territory37,Territory35
Territory37,557,253,NE5,Territory52,Territory36,Territory38
Territory38,499,195,NE5,Territory37,Territory51,Territory34
Territory39,160,507,SW5,Territory24,Territory40,Territory43
Territory40,221,472,SW5,Territory56,Territory41,Territory39
Territory41,279,523,SW5,Territory40,Territory55,Territory42
Territory42,250,598,SW5,Territory17,Territory41,Territory43
Territory43,170,584,SW5,Territory08,Territory39,Territory42
Territory44,559,474,SE5,Territory48,Territory53,Territory45
Territory45,630,510,SE5,Territory27,Territory46,Territory44
Territory46,613,580,SE5,Territory10,Territory47,Territory45
Territory47,527,592,SE5,Territory19,Territory48,Territory46
Territory48,500,525,SE5,Territory54,Territory44,Territory47
Territory49,389,358,Center,Territory51,Territory52,Territory53,Territory54,Territory55,Territory56,Territory57,Territory50
Territory50,356,278,Center,Territory31,Territory51,Territory49,Territory57
Territory51,423,280,Center,Territory38,Territory52,Territory50,Territory49
Territory52,475,332,Center,Territory37,Territory51,Territory49,Territory53
Territory53,473,394,Center,Territory44,Territory49,Territory52,Territory54
Territory54,425,444,Center,Territory48,Territory49,Territory53,Territory55
Territory55,359,443,Center,Territory41,Territory49,Territory54,Territory56
Territory56,308,395,Center,Territory40,Territory49,Territory55,Territory57
Territory57,307,327,Center,Territory32,Territory49,Territory50,Territory56
