[Map]
author=Andrea Usai (n-drx@libero.it)
image=AuIsometric.bmp
wrap=yes
scroll=horizontal
warn=yes
created=12.2004
legal=Copyright ©2004 Andrea Usai (n-drx@libero.it)
serial=AU-003

[Continents]
Deutaat=3
Entate=4
Espado=2
Fretat=3
Istatia=2

[Territories]
Eichstau,360,180,Deutaat,Loughster,Oberhavelwald,Thürhalt,Hallerland
Eifelbruch,530,350,Deutaat,Amptham,Oderleite,Unterhunsheide,Limagnac
Hainpfalz,640,200,Deutaat,Oberhunsheide,Nurnfeld,Odeningen,Spreebirge
Hallerland,455,165,Deutaat,Eichstau,Thürhalt,Odeningen
Nurnfeld,555,245,Deutaat,Oderleite,Thürhalt,Odeningen,Oberhunsheide,Unterhunsheide,Hainpfalz
Oberhavelwald,330,220,Deutaat,Eichstau,Norsomerghan,Brecklow,Unterhavelwald,Thürhalt
Oberhunsheide,645,265,Deutaat,Unterhunsheide,Nurnfeld,Hainpfalz,Spreebirge,Nivernosse
Odeningen,580,180,Deutaat,Hallerland,Nurnfeld,Hainpfalz,Thürhalt,Calardia,Iegomeria,Borbaine,Leigeshire
Oderleite,480,285,Deutaat,Eifelbruch,Unterhunsheide,Nurnfeld,Thürhalt,Unterhavelwald
Spreebirge,740,210,Deutaat,Oberhunsheide,Hainpfalz,Nivernosse,Poitonne
Thürhalt,460,230,Deutaat,Eichstau,Oberhavelwald,Oderleite,Hallerland,Nurnfeld,Odeningen,Unterhavelwald
Unterhavelwald,390,270,Deutaat,Oberhavelwald,Oderleite,Thürhalt,Brecklow
Unterhunsheide,580,310,Deutaat,Oderleite,Oberhunsheide,Nurnfeld,Eifelbruch

Amptham,425,360,Entate,Worceland,Limerset,Eifelbruch
Badengal,180,370,Entate,Sussomerghan,Glouceford,Leigeshire,Venabria
Brecklow,305,305,Entate,Norsomerghan,Glouceford,Limerset,Oberhavelwald,Sussomerghan,Unterhavelwald
Cutsyre,130,250,Entate,Kintway,Norsomerghan,Sussomerghan,Normoble
Durtern,235,480,Entate,Leigeshire,Lothwold,Galloston,Herefolk
Galloston,290,525,Entate,Durtern,Lothwold,Herefolk
Glouceford,255,340,Entate,Norsomerghan,Sussomerghan,Brecklow,Badengal,Leigeshire,Limerset
Herefolk,325,470,Entate,Leigeshire,Durtern,Galloston,Worceland,Palecaya
Kintway,190,185,Entate,Loughster,Cutsyre,Norsomerghan
Leigeshire,265,410,Entate,Glouceford,Badengal,Limerset,Worceland,Herefolk,Durtern,Calardia,Iegomeria,Borbaine,Odeningen
Limerset,350,360,Entate,Glouceford,Leigeshire,Worceland,Amptham,Brecklow
Lothwold,235,570,Entate,Durtern,Huedenas,Galloston
Loughster,245,145,Entate,Kintway,Eichstau
Norsomerghan,230,250,Entate,Kintway,Sussomerghan,Cutsyre,Brecklow,Glouceford,Oberhavelwald
Sussomerghan,155,315,Entate,Norsomerghan,Cutsyre,Badengal,Glouceford,Brecklow
Worceland,370,415,Entate,Leigeshire,Herefolk,Limerset,Amptham

Albaruel,670,500,Espado,Salajara,Zarahar,Tolegona,Aliesca,Iegomeria
Alcatiel,500,495,Espado,Tolegona,Palecaya,Badalencia,Iegomeria
Aliesca,685,560,Espado,Salajara,Malacanie,Cacieres,Moniedo,Albaruel,Iegomeria
Badalencia,495,555,Espado,Alcatiel,Iegomeria,Moniedo,Catagorza,Palecaya,Guadavila
Cacieres,705,610,Espado,Malacanie,Aliesca,Moniedo
Catagorza,445,610,Espado,Moniedo,Guadavila,Huedenas,Badalencia
Guadavila,390,570,Espado,Catagorza,Palecaya,Huedenas,Badalencia
Huedenas,310,620,Espado,Lothwold,Catagorza,Guadavila
Iegomeria,595,530,Espado,Tolegona,Aliesca,Alcatiel,Badalencia,Moniedo,Albaruel,Calardia,Odeningen,Borbaine,Leigeshire
Malacanie,810,590,Espado,Salajara,Aliesca,Cacieres
Moniedo,575,590,Espado,Cacieres,Aliesca,Iegomeria,Badalencia,Catagorza
Palecaya,410,520,Espado,Herefolk,Alcatiel,Badalencia,Guadavila
Salajara,770,540,Espado,Tourogne,Aliesca,Malacanie,Albaruel,Zarahar
Tolegona,590,460,Espado,Zarahar,Alcatiel,Iegomeria,Albaruel
Zarahar,705,455,Espado,Langragne,Salajara,Albaruel,Tolegona

Angoumont,910,550,Fretat,Vignousin
Auxentin,705,325,Fretat,Nivernosse,Limagnac,Cantandie,Gâtollais
Berricais,945,295,Fretat,Soissonnoux,Morvagne,Lorrinais
Borbaine,890,435,Fretat,Champoumois,Langragne,Tourogne,Vignousin,Calardia,Odeningen,Iegomeria,Leigeshire
Cantandie,700,390,Fretat,Auxentin,Gâtollais,Limagnac,Langragne
Champoumois,875,375,Fretat,Lorrinais,Gâtollais,Langragne,Borbaine
Gâtollais,790,350,Fretat,Nivernosse,Lorrinais,Auxentin,Champoumois,Langragne,Cantandie
Langragne,800,415,Fretat,Gâtollais,Cantandie,Champoumois,Zarahar,Tourogne,Borbaine
Limagnac,620,390,Fretat,Eifelbruch,Auxentin,Cantandie
Lorrinais,860,315,Fretat,Morvagne,Nivernosse,Champoumois,Gâtollais,Berricais
Morvagne,870,250,Fretat,Poitonne,Soissonnoux,Nivernosse,Lorrinais,Berricais
Nivernosse,770,260,Fretat,Spreebirge,Oberhunsheide,Poitonne,Morvagne,Auxentin,Gâtollais,Lorrinais
Normoble,935,175,Fretat,Poitonne,Soissonnoux,Cutsyre
Poitonne,845,195,Fretat,Spreebirge,Morvagne,Nivernosse,Soissonnoux,Normoble
Soissonnoux,940,230,Fretat,Poitonne,Normoble,Berricais,Morvagne
Tourogne,815,470,Fretat,Langragne,Borbaine,Vignousin,Salajara
Vignousin,875,505,Fretat,Borbaine,Angoumont,Tourogne

Calardia,80,575,Istatia,Sardonte,Iegomeria,Borbaine,Odeningen,Leigeshire
Sardonte,110,520,Istatia,Umbilia,Calardia
Umbilia,90,465,Istatia,Sardonte,Venabria
Venabria,50,400,Istatia,Umbilia,Badengal
